
Optional file libmchp_peripheral.a not found

Optional file libmchp_peripheral_32MX130F064B.a not found
Archive member included because of file (symbol)

c:/x32/xc32/v1.42/bin/bin/../../lib/gcc/pic32mx/4.8.3/../../../../pic32mx/lib/mips16\libpic32.a(default-bootstrap-exception-handler.o)
                              c:/x32/xc32/v1.42/bin/bin/../../lib/gcc/pic32mx/4.8.3/../../../../pic32mx/lib/./proc/32MX130F064B/crt0_mips32r2.o (_bootstrap_exception_handler)
c:/x32/xc32/v1.42/bin/bin/../../lib/gcc/pic32mx/4.8.3/../../../../pic32mx/lib/mips16\libpic32.a(default-on-reset.o)
                              c:/x32/xc32/v1.42/bin/bin/../../lib/gcc/pic32mx/4.8.3/../../../../pic32mx/lib/./proc/32MX130F064B/crt0_mips32r2.o (_on_reset)
c:/x32/xc32/v1.42/bin/bin/../../lib/gcc/pic32mx/4.8.3/../../../../pic32mx/lib/mips16\libpic32.a(default-on-bootstrap.o)
                              c:/x32/xc32/v1.42/bin/bin/../../lib/gcc/pic32mx/4.8.3/../../../../pic32mx/lib/./proc/32MX130F064B/crt0_mips32r2.o (_on_bootstrap)
c:/x32/xc32/v1.42/bin/bin/../../lib/gcc/pic32mx/4.8.3/../../../../pic32mx/lib/mips16\libpic32.a(default-nmi-handler.o)
                              c:/x32/xc32/v1.42/bin/bin/../../lib/gcc/pic32mx/4.8.3/../../../../pic32mx/lib/./proc/32MX130F064B/crt0_mips32r2.o (_nmi_handler)
c:/x32/xc32/v1.42/bin/bin/../../lib/gcc/pic32mx/4.8.3/../../../../pic32mx/lib/mips16\libpic32.a(general-exception.o)
                              c:/x32/xc32/v1.42/bin/bin/../../lib/gcc/pic32mx/4.8.3/../../../../pic32mx/lib/./proc/32MX130F064B/crt0_mips32r2.o (_general_exception_context)
c:/x32/xc32/v1.42/bin/bin/../../lib/gcc/pic32mx/4.8.3/../../../../pic32mx/lib/mips16\libpic32.a(vector0.o)
                              c:/x32/xc32/v1.42/bin/bin/../../lib/gcc/pic32mx/4.8.3/../../../../pic32mx/lib/./proc/32MX130F064B\default_isr_vectors.o (__vector_dispatch_0)
c:/x32/xc32/v1.42/bin/bin/../../lib/gcc/pic32mx/4.8.3/../../../../pic32mx/lib/mips16\libpic32.a(vector1.o)
                              c:/x32/xc32/v1.42/bin/bin/../../lib/gcc/pic32mx/4.8.3/../../../../pic32mx/lib/./proc/32MX130F064B\default_isr_vectors.o (__vector_dispatch_1)
c:/x32/xc32/v1.42/bin/bin/../../lib/gcc/pic32mx/4.8.3/../../../../pic32mx/lib/mips16\libpic32.a(vector2.o)
                              c:/x32/xc32/v1.42/bin/bin/../../lib/gcc/pic32mx/4.8.3/../../../../pic32mx/lib/./proc/32MX130F064B\default_isr_vectors.o (__vector_dispatch_2)
c:/x32/xc32/v1.42/bin/bin/../../lib/gcc/pic32mx/4.8.3/../../../../pic32mx/lib/mips16\libpic32.a(vector3.o)
                              c:/x32/xc32/v1.42/bin/bin/../../lib/gcc/pic32mx/4.8.3/../../../../pic32mx/lib/./proc/32MX130F064B\default_isr_vectors.o (__vector_dispatch_3)
c:/x32/xc32/v1.42/bin/bin/../../lib/gcc/pic32mx/4.8.3/../../../../pic32mx/lib/mips16\libpic32.a(vector4.o)
                              c:/x32/xc32/v1.42/bin/bin/../../lib/gcc/pic32mx/4.8.3/../../../../pic32mx/lib/./proc/32MX130F064B\default_isr_vectors.o (__vector_dispatch_4)
c:/x32/xc32/v1.42/bin/bin/../../lib/gcc/pic32mx/4.8.3/../../../../pic32mx/lib/mips16\libpic32.a(vector5.o)
                              c:/x32/xc32/v1.42/bin/bin/../../lib/gcc/pic32mx/4.8.3/../../../../pic32mx/lib/./proc/32MX130F064B\default_isr_vectors.o (__vector_dispatch_5)
c:/x32/xc32/v1.42/bin/bin/../../lib/gcc/pic32mx/4.8.3/../../../../pic32mx/lib/mips16\libpic32.a(vector6.o)
                              c:/x32/xc32/v1.42/bin/bin/../../lib/gcc/pic32mx/4.8.3/../../../../pic32mx/lib/./proc/32MX130F064B\default_isr_vectors.o (__vector_dispatch_6)
c:/x32/xc32/v1.42/bin/bin/../../lib/gcc/pic32mx/4.8.3/../../../../pic32mx/lib/mips16\libpic32.a(vector7.o)
                              c:/x32/xc32/v1.42/bin/bin/../../lib/gcc/pic32mx/4.8.3/../../../../pic32mx/lib/./proc/32MX130F064B\default_isr_vectors.o (__vector_dispatch_7)
c:/x32/xc32/v1.42/bin/bin/../../lib/gcc/pic32mx/4.8.3/../../../../pic32mx/lib/mips16\libpic32.a(vector9.o)
                              c:/x32/xc32/v1.42/bin/bin/../../lib/gcc/pic32mx/4.8.3/../../../../pic32mx/lib/./proc/32MX130F064B\default_isr_vectors.o (__vector_dispatch_9)
c:/x32/xc32/v1.42/bin/bin/../../lib/gcc/pic32mx/4.8.3/../../../../pic32mx/lib/mips16\libpic32.a(vector10.o)
                              c:/x32/xc32/v1.42/bin/bin/../../lib/gcc/pic32mx/4.8.3/../../../../pic32mx/lib/./proc/32MX130F064B\default_isr_vectors.o (__vector_dispatch_10)
c:/x32/xc32/v1.42/bin/bin/../../lib/gcc/pic32mx/4.8.3/../../../../pic32mx/lib/mips16\libpic32.a(vector11.o)
                              c:/x32/xc32/v1.42/bin/bin/../../lib/gcc/pic32mx/4.8.3/../../../../pic32mx/lib/./proc/32MX130F064B\default_isr_vectors.o (__vector_dispatch_11)
c:/x32/xc32/v1.42/bin/bin/../../lib/gcc/pic32mx/4.8.3/../../../../pic32mx/lib/mips16\libpic32.a(vector12.o)
                              c:/x32/xc32/v1.42/bin/bin/../../lib/gcc/pic32mx/4.8.3/../../../../pic32mx/lib/./proc/32MX130F064B\default_isr_vectors.o (__vector_dispatch_12)
[...]
Memory Configuration

Name             Origin             Length             Attributes
kseg0_program_mem 0x9d000000         0x0000f000         xr
exception_mem    0x9d00f000         0x00001000
debug_exec_mem   0x9fc00490         0x00000760
kseg0_boot_mem   0x9fc00490         0x00000000
kseg1_boot_mem   0xbfc00000         0x00000490
config3          0xbfc00bf0         0x00000004
config2          0xbfc00bf4         0x00000004
config1          0xbfc00bf8         0x00000004
config0          0xbfc00bfc         0x00000004
kseg1_data_mem   0xa0000000         0x00004000         w !x
sfrs             0xbf800000         0x00100000
configsfrs       0xbfc00bf0         0x00000010
*default*        0x00000000         0xffffffff

Linker script and memory map

LOAD c:/x32/xc32/v1.42/bin/bin/../../lib/gcc/pic32mx/4.8.3/../../../../pic32mx/lib/./proc/32MX130F064B/crt0_mips32r2.o
LOAD c:/x32/xc32/v1.42/bin/bin/../../lib/gcc/pic32mx/4.8.3/../../../../pic32mx/lib/mips16\debug-exception-return.o
LOAD Robot.o
LOAD PIC32_LCD.o
LOAD c:/x32/xc32/v1.42/bin/bin/../../lib/gcc/pic32mx/4.8.3/../../../../pic32mx/lib/./proc/32MX130F064B\default_isr_vectors.o
LOAD c:/x32/xc32/v1.42/bin/bin/../../lib/gcc/pic32mx/4.8.3/../../../../pic32mx/lib/mips16\pic32_software_reset.o
                0x00000400                PROVIDE (_min_stack_size, 0x400)
LOAD c:/x32/xc32/v1.42/bin/bin/../../lib/gcc/pic32mx/4.8.3/../../../../pic32mx/lib/./proc/32MX130F064B\processor.o
START GROUP
LOAD libmchp_peripheral.a
END GROUP
START GROUP
LOAD libmchp_peripheral_32MX130F064B.a
END GROUP
                0x00000001                PROVIDE (_vector_spacing, 0x1)
                0x9d00f000                PROVIDE (_ebase_address, 0x9d00f000)
                0xbfc00000                _RESET_ADDR = 0xbfc00000
                0xbfc00380                _BEV_EXCPT_ADDR = 0xbfc00380
                0xbfc00480                _DBG_EXCPT_ADDR = 0xbfc00480
                0x9fc00490                _DBG_CODE_ADDR = 0x9fc00490
                0x00000760                _DBG_CODE_SIZE = 0x760
                0x9d00f180                _GEN_EXCPT_ADDR = (_ebase_address + 0x180)

.config_BFC00BF0
 *(.config_BFC00BF0)

.config_BFC00BF4
                0xbfc00bf4        0x4
 *(.config_BFC00BF4)
 .config_BFC00BF4
                0xbfc00bf4        0x4 Robot.o

.config_BFC00BF8
                0xbfc00bf8        0x4
 *(.config_BFC00BF8)
 .config_BFC00BF8
                0xbfc00bf8        0x4 Robot.o

.config_BFC00BFC
 *(.config_BFC00BFC)
                0xbfc02000                PROVIDE (_DBG_CODE_ADDR, 0xbfc02000)
                0x00000ff0                PROVIDE (_DBG_CODE_SIZE, 0xff0)

.reset          0xbfc00000      0x1e4
 *(.reset)
 .reset         0xbfc00000        0x8 c:/x32/xc32/v1.42/bin/bin/../../lib/gcc/pic32mx/4.8.3/../../../../pic32mx/lib/./proc/32MX130F064B/crt0_mips32r2.o
                0xbfc00000                _reset
 *(.reset.startup)
 .reset.startup
                0xbfc00008      0x1dc c:/x32/xc32/v1.42/bin/bin/../../lib/gcc/pic32mx/4.8.3/../../../../pic32mx/lib/./proc/32MX130F064B/crt0_mips32r2.o

.bev_excpt      0xbfc00380       0x10
 *(.bev_handler)
 .bev_handler   0xbfc00380       0x10 c:/x32/xc32/v1.42/bin/bin/../../lib/gcc/pic32mx/4.8.3/../../../../pic32mx/lib/./proc/32MX130F064B/crt0_mips32r2.o

.dbg_excpt      0xbfc00480        0x0
                0xbfc00480                . = (. + DEFINED (_DEBUGGER)?0x8:0x0)

.dbg_code       0x9fc00490        0x0
                0x9fc00490                . = (. + DEFINED (_DEBUGGER)?_DBG_CODE_SIZE:0x0)

.app_excpt      0x9d00f180       0x10
 *(.gen_handler)
 .gen_handler   0x9d00f180       0x10 c:/x32/xc32/v1.42/bin/bin/../../lib/gcc/pic32mx/4.8.3/../../../../pic32mx/lib/./proc/32MX130F064B/crt0_mips32r2.o

.vector_0       0x9d00f200        0x8
 *(.vector_0)
 .vector_0      0x9d00f200        0x8 c:/x32/xc32/v1.42/bin/bin/../../lib/gcc/pic32mx/4.8.3/../../../../pic32mx/lib/mips16\libpic32.a(vector0.o)
                0x9d00f200                __vector_dispatch_0
                0x00000001                ASSERT (((_vector_spacing == 0x0) || (SIZEOF (.vector_0) <= (_vector_spacing << 0x5))), function at exception vector 0 too large)

.vector_1       0x9d00f220        0x8
 *(.vector_1)
 .vector_1      0x9d00f220        0x8 c:/x32/xc32/v1.42/bin/bin/../../lib/gcc/pic32mx/4.8.3/../../../../pic32mx/lib/mips16\libpic32.a(vector1.o)
                0x9d00f220                __vector_dispatch_1
                0x00000001                ASSERT (((_vector_spacing == 0x0) || (SIZEOF (.vector_1) <= (_vector_spacing << 0x5))), function at exception vector 1 too large)

.vector_2       0x9d00f240        0x8
 *(.vector_2)
 .vector_2      0x9d00f240        0x8 c:/x32/xc32/v1.42/bin/bin/../../lib/gcc/pic32mx/4.8.3/../../../../pic32mx/lib/mips16\libpic32.a(vector2.o)
                0x9d00f240                __vector_dispatch_2
                0x00000001                ASSERT (((_vector_spacing == 0x0) || (SIZEOF (.vector_2) <= (_vector_spacing << 0x5))), function at exception vector 2 too large)

.vector_3       0x9d00f260        0x8
 *(.vector_3)
 .vector_3      0x9d00f260        0x8 c:/x32/xc32/v1.42/bin/bin/../../lib/gcc/pic32mx/4.8.3/../../../../pic32mx/lib/mips16\libpic32.a(vector3.o)
                0x9d00f260                __vector_dispatch_3
                0x00000001                ASSERT (((_vector_spacing == 0x0) || (SIZEOF (.vector_3) <= (_vector_spacing << 0x5))), function at exception vector 3 too large)

.vector_4       0x9d00f280        0x8
 *(.vector_4)
 .vector_4      0x9d00f280        0x8 c:/x32/xc32/v1.42/bin/bin/../../lib/gcc/pic32mx/4.8.3/../../../../pic32mx/lib/mips16\libpic32.a(vector4.o)
                0x9d00f280                __vector_dispatch_4
                0x00000001                ASSERT (((_vector_spacing == 0x0) || (SIZEOF (.vector_4) <= (_vector_spacing << 0x5))), function at exception vector 4 too large)

.vector_5       0x9d00f2a0        0x8
 *(.vector_5)
 .vector_5      0x9d00f2a0        0x8 c:/x32/xc32/v1.42/bin/bin/../../lib/gcc/pic32mx/4.8.3/../../../../pic32mx/lib/mips16\libpic32.a(vector5.o)
                0x9d00f2a0                __vector_dispatch_5
                0x00000001                ASSERT (((_vector_spacing == 0x0) || (SIZEOF (.vector_5) <= (_vector_spacing << 0x5))), function at exception vector 5 too large)

.vector_6       0x9d00f2c0        0x8
 *(.vector_6)
 .vector_6      0x9d00f2c0        0x8 c:/x32/xc32/v1.42/bin/bin/../../lib/gcc/pic32mx/4.8.3/../../../../pic32mx/lib/mips16\libpic32.a(vector6.o)
                0x9d00f2c0                __vector_dispatch_6
                0x00000001                ASSERT (((_vector_spacing == 0x0) || (SIZEOF (.vector_6) <= (_vector_spacing << 0x5))), function at exception vector 6 too large)

.vector_7       0x9d00f2e0        0x8
 *(.vector_7)
 .vector_7      0x9d00f2e0        0x8 c:/x32/xc32/v1.42/bin/bin/../../lib/gcc/pic32mx/4.8.3/../../../../pic32mx/lib/mips16\libpic32.a(vector7.o)
                0x9d00f2e0                __vector_dispatch_7
                0x00000001                ASSERT (((_vector_spacing == 0x0) || (SIZEOF (.vector_7) <= (_vector_spacing << 0x5))), function at exception vector 7 too large)

.vector_8       0x9d00f300        0x8
 *(.vector_8)
 .vector_8      0x9d00f300        0x8 Robot.o
                0x9d00f300                __vector_dispatch_8
                0x00000001                ASSERT (((_vector_spacing == 0x0) || (SIZEOF (.vector_8) <= (_vector_spacing << 0x5))), function at exception vector 8 too large)

.vector_9       0x9d00f320        0x8
 *(.vector_9)
 .vector_9      0x9d00f320        0x8 c:/x32/xc32/v1.42/bin/bin/../../lib/gcc/pic32mx/4.8.3/../../../../pic32mx/lib/mips16\libpic32.a(vector9.o)
                0x9d00f320                __vector_dispatch_9
                0x00000001                ASSERT (((_vector_spacing == 0x0) || (SIZEOF (.vector_9) <= (_vector_spacing << 0x5))), function at exception vector 9 too large)

.vector_10      0x9d00f340        0x8
 *(.vector_10)
 .vector_10     0x9d00f340        0x8 c:/x32/xc32/v1.42/bin/bin/../../lib/gcc/pic32mx/4.8.3/../../../../pic32mx/lib/mips16\libpic32.a(vector10.o)
                0x9d00f340                __vector_dispatch_10
                0x00000001                ASSERT (((_vector_spacing == 0x0) || (SIZEOF (.vector_10) <= (_vector_spacing << 0x5))), function at exception vector 10 too large)

.vector_11      0x9d00f360        0x8
 *(.vector_11)
 .vector_11     0x9d00f360        0x8 c:/x32/xc32/v1.42/bin/bin/../../lib/gcc/pic32mx/4.8.3/../../../../pic32mx/lib/mips16\libpic32.a(vector11.o)
                0x9d00f360                __vector_dispatch_11
                0x00000001                ASSERT (((_vector_spacing == 0x0) || (SIZEOF (.vector_11) <= (_vector_spacing << 0x5))), function at exception vector 11 too large)

.vector_12      0x9d00f380        0x8
 *(.vector_12)
 .vector_12     0x9d00f380        0x8 c:/x32/xc32/v1.42/bin/bin/../../lib/gcc/pic32mx/4.8.3/../../../../pic32mx/lib/mips16\libpic32.a(vector12.o)
                0x9d00f380                __vector_dispatch_12
                0x00000001                ASSERT (((_vector_spacing == 0x0) || (SIZEOF (.vector_12) <= (_vector_spacing << 0x5))), function at exception vector 12 too large)

.vector_13      0x9d00f3a0        0x8
 *(.vector_13)
 .vector_13     0x9d00f3a0        0x8 c:/x32/xc32/v1.42/bin/bin/../../lib/gcc/pic32mx/4.8.3/../../../../pic32mx/lib/mips16\libpic32.a(vector13.o)
                0x9d00f3a0                __vector_dispatch_13
                0x00000001                ASSERT (((_vector_spacing == 0x0) || (SIZEOF (.vector_13) <= (_vector_spacing << 0x5))), function at exception vector 13 too large)

.vector_14      0x9d00f3c0        0x8
 *(.vector_14)
 .vector_14     0x9d00f3c0        0x8 c:/x32/xc32/v1.42/bin/bin/../../lib/gcc/pic32mx/4.8.3/../../../../pic32mx/lib/mips16\libpic32.a(vector14.o)
                0x9d00f3c0                __vector_dispatch_14
                0x00000001                ASSERT (((_vector_spacing == 0x0) || (SIZEOF (.vector_14) <= (_vector_spacing << 0x5))), function at exception vector 14 too large)

.vector_15      0x9d00f3e0        0x8
 *(.vector_15)
 .vector_15     0x9d00f3e0        0x8 c:/x32/xc32/v1.42/bin/bin/../../lib/gcc/pic32mx/4.8.3/../../../../pic32mx/lib/mips16\libpic32.a(vector15.o)
                0x9d00f3e0                __vector_dispatch_15
                0x00000001                ASSERT (((_vector_spacing == 0x0) || (SIZEOF (.vector_15) <= (_vector_spacing << 0x5))), function at exception vector 15 too large)

.vector_16      0x9d00f400        0x8
 *(.vector_16)
 .vector_16     0x9d00f400        0x8 c:/x32/xc32/v1.42/bin/bin/../../lib/gcc/pic32mx/4.8.3/../../../../pic32mx/lib/mips16\libpic32.a(vector16.o)
                0x9d00f400                __vector_dispatch_16
                0x00000001                ASSERT (((_vector_spacing == 0x0) || (SIZEOF (.vector_16) <= (_vector_spacing << 0x5))), function at exception vector 16 too large)

.vector_17      0x9d00f420        0x8
 *(.vector_17)
 .vector_17     0x9d00f420        0x8 c:/x32/xc32/v1.42/bin/bin/../../lib/gcc/pic32mx/4.8.3/../../../../pic32mx/lib/mips16\libpic32.a(vector17.o)
                0x9d00f420                __vector_dispatch_17
                0x00000001                ASSERT (((_vector_spacing == 0x0) || (SIZEOF (.vector_17) <= (_vector_spacing << 0x5))), function at exception vector 17 too large)

.vector_18      0x9d00f440        0x8
 *(.vector_18)
 .vector_18     0x9d00f440        0x8 c:/x32/xc32/v1.42/bin/bin/../../lib/gcc/pic32mx/4.8.3/../../../../pic32mx/lib/mips16\libpic32.a(vector18.o)
                0x9d00f440                __vector_dispatch_18
                0x00000001                ASSERT (((_vector_spacing == 0x0) || (SIZEOF (.vector_18) <= (_vector_spacing << 0x5))), function at exception vector 18 too large)

.vector_19      0x9d00f460        0x8
 *(.vector_19)
 .vector_19     0x9d00f460        0x8 c:/x32/xc32/v1.42/bin/bin/../../lib/gcc/pic32mx/4.8.3/../../../../pic32mx/lib/mips16\libpic32.a(vector19.o)
                0x9d00f460                __vector_dispatch_19
                0x00000001                ASSERT (((_vector_spacing == 0x0) || (SIZEOF (.vector_19) <= (_vector_spacing << 0x5))), function at exception vector 19 too large)

.vector_20      0x9d00f480        0x8
 *(.vector_20)
 .vector_20     0x9d00f480        0x8 c:/x32/xc32/v1.42/bin/bin/../../lib/gcc/pic32mx/4.8.3/../../../../pic32mx/lib/mips16\libpic32.a(vector20.o)
                0x9d00f480                __vector_dispatch_20
                0x00000001                ASSERT (((_vector_spacing == 0x0) || (SIZEOF (.vector_20) <= (_vector_spacing << 0x5))), function at exception vector 20 too large)

.vector_21      0x9d00f4a0        0x8
 *(.vector_21)
 .vector_21     0x9d00f4a0        0x8 c:/x32/xc32/v1.42/bin/bin/../../lib/gcc/pic32mx/4.8.3/../../../../pic32mx/lib/mips16\libpic32.a(vector21.o)
                0x9d00f4a0                __vector_dispatch_21
                0x00000001                ASSERT (((_vector_spacing == 0x0) || (SIZEOF (.vector_21) <= (_vector_spacing << 0x5))), function at exception vector 21 too large)

.vector_22      0x9d00f4c0        0x8
 *(.vector_22)
 .vector_22     0x9d00f4c0        0x8 c:/x32/xc32/v1.42/bin/bin/../../lib/gcc/pic32mx/4.8.3/../../../../pic32mx/lib/mips16\libpic32.a(vector22.o)
                0x9d00f4c0                __vector_dispatch_22
                0x00000001                ASSERT (((_vector_spacing == 0x0) || (SIZEOF (.vector_22) <= (_vector_spacing << 0x5))), function at exception vector 22 too large)

.vector_23      0x9d00f4e0        0x8
 *(.vector_23)
 .vector_23     0x9d00f4e0        0x8 Robot.o
                0x9d00f4e0                __vector_dispatch_23
                0x00000001                ASSERT (((_vector_spacing == 0x0) || (SIZEOF (.vector_23) <= (_vector_spacing << 0x5))), function at exception vector 23 too large)

.vector_24      0x9d00f500        0x8
 *(.vector_24)
 .vector_24     0x9d00f500        0x8 c:/x32/xc32/v1.42/bin/bin/../../lib/gcc/pic32mx/4.8.3/../../../../pic32mx/lib/mips16\libpic32.a(vector24.o)
                0x9d00f500                __vector_dispatch_24
                0x00000001                ASSERT (((_vector_spacing == 0x0) || (SIZEOF (.vector_24) <= (_vector_spacing << 0x5))), function at exception vector 24 too large)

.vector_25      0x9d00f520        0x8
 *(.vector_25)
 .vector_25     0x9d00f520        0x8 c:/x32/xc32/v1.42/bin/bin/../../lib/gcc/pic32mx/4.8.3/../../../../pic32mx/lib/mips16\libpic32.a(vector25.o)
                0x9d00f520                __vector_dispatch_25
                0x00000001                ASSERT (((_vector_spacing == 0x0) || (SIZEOF (.vector_25) <= (_vector_spacing << 0x5))), function at exception vector 25 too large)

.vector_26      0x9d00f540        0x8
 *(.vector_26)
 .vector_26     0x9d00f540        0x8 c:/x32/xc32/v1.42/bin/bin/../../lib/gcc/pic32mx/4.8.3/../../../../pic32mx/lib/mips16\libpic32.a(vector26.o)
                0x9d00f540                __vector_dispatch_26
                0x00000001                ASSERT (((_vector_spacing == 0x0) || (SIZEOF (.vector_26) <= (_vector_spacing << 0x5))), function at exception vector 26 too large)

.vector_27      0x9d00f560        0x8
 *(.vector_27)
 .vector_27     0x9d00f560        0x8 c:/x32/xc32/v1.42/bin/bin/../../lib/gcc/pic32mx/4.8.3/../../../../pic32mx/lib/mips16\libpic32.a(vector27.o)
                0x9d00f560                __vector_dispatch_27
                0x00000001                ASSERT (((_vector_spacing == 0x0) || (SIZEOF (.vector_27) <= (_vector_spacing << 0x5))), function at exception vector 27 too large)

.vector_28      0x9d00f580        0x8
 *(.vector_28)
 .vector_28     0x9d00f580        0x8 c:/x32/xc32/v1.42/bin/bin/../../lib/gcc/pic32mx/4.8.3/../../../../pic32mx/lib/mips16\libpic32.a(vector28.o)
                0x9d00f580                __vector_dispatch_28
                0x00000001                ASSERT (((_vector_spacing == 0x0) || (SIZEOF (.vector_28) <= (_vector_spacing << 0x5))), function at exception vector 28 too large)

.vector_29      0x9d00f5a0        0x8
 *(.vector_29)
 .vector_29     0x9d00f5a0        0x8 c:/x32/xc32/v1.42/bin/bin/../../lib/gcc/pic32mx/4.8.3/../../../../pic32mx/lib/mips16\libpic32.a(vector29.o)
                0x9d00f5a0                __vector_dispatch_29
                0x00000001                ASSERT (((_vector_spacing == 0x0) || (SIZEOF (.vector_29) <= (_vector_spacing << 0x5))), function at exception vector 29 too large)

.vector_30      0x9d00f5c0        0x8
 *(.vector_30)
 .vector_30     0x9d00f5c0        0x8 c:/x32/xc32/v1.42/bin/bin/../../lib/gcc/pic32mx/4.8.3/../../../../pic32mx/lib/mips16\libpic32.a(vector30.o)
                0x9d00f5c0                __vector_dispatch_30
                0x00000001                ASSERT (((_vector_spacing == 0x0) || (SIZEOF (.vector_30) <= (_vector_spacing << 0x5))), function at exception vector 30 too large)

.vector_31      0x9d00f5e0        0x8
 *(.vector_31)
 .vector_31     0x9d00f5e0        0x8 c:/x32/xc32/v1.42/bin/bin/../../lib/gcc/pic32mx/4.8.3/../../../../pic32mx/lib/mips16\libpic32.a(vector31.o)
                0x9d00f5e0                __vector_dispatch_31
                0x00000001                ASSERT (((_vector_spacing == 0x0) || (SIZEOF (.vector_31) <= (_vector_spacing << 0x5))), function at exception vector 31 too large)

.vector_32      0x9d00f600        0x8
 *(.vector_32)
 .vector_32     0x9d00f600        0x8 c:/x32/xc32/v1.42/bin/bin/../../lib/gcc/pic32mx/4.8.3/../../../../pic32mx/lib/mips16\libpic32.a(vector32.o)
                0x9d00f600                __vector_dispatch_32
                0x00000001                ASSERT (((_vector_spacing == 0x0) || (SIZEOF (.vector_32) <= (_vector_spacing << 0x5))), function at exception vector 32 too large)

.vector_33      0x9d00f620        0x8
 *(.vector_33)
 .vector_33     0x9d00f620        0x8 c:/x32/xc32/v1.42/bin/bin/../../lib/gcc/pic32mx/4.8.3/../../../../pic32mx/lib/mips16\libpic32.a(vector33.o)
                0x9d00f620                __vector_dispatch_33
                0x00000001                ASSERT (((_vector_spacing == 0x0) || (SIZEOF (.vector_33) <= (_vector_spacing << 0x5))), function at exception vector 33 too large)

.vector_34      0x9d00f640        0x8
 *(.vector_34)
 .vector_34     0x9d00f640        0x8 c:/x32/xc32/v1.42/bin/bin/../../lib/gcc/pic32mx/4.8.3/../../../../pic32mx/lib/mips16\libpic32.a(vector34.o)
                0x9d00f640                __vector_dispatch_34
                0x00000001                ASSERT (((_vector_spacing == 0x0) || (SIZEOF (.vector_34) <= (_vector_spacing << 0x5))), function at exception vector 34 too large)

.vector_35      0x9d00f660        0x8
 *(.vector_35)
 .vector_35     0x9d00f660        0x8 c:/x32/xc32/v1.42/bin/bin/../../lib/gcc/pic32mx/4.8.3/../../../../pic32mx/lib/mips16\libpic32.a(vector35.o)
                0x9d00f660                __vector_dispatch_35
                0x00000001                ASSERT (((_vector_spacing == 0x0) || (SIZEOF (.vector_35) <= (_vector_spacing << 0x5))), function at exception vector 35 too large)

.vector_36      0x9d00f680        0x8
 *(.vector_36)
 .vector_36     0x9d00f680        0x8 c:/x32/xc32/v1.42/bin/bin/../../lib/gcc/pic32mx/4.8.3/../../../../pic32mx/lib/mips16\libpic32.a(vector36.o)
                0x9d00f680                __vector_dispatch_36
                0x00000001                ASSERT (((_vector_spacing == 0x0) || (SIZEOF (.vector_36) <= (_vector_spacing << 0x5))), function at exception vector 36 too large)

.vector_37      0x9d00f6a0        0x8
 *(.vector_37)
 .vector_37     0x9d00f6a0        0x8 Robot.o
                0x9d00f6a0                __vector_dispatch_37
                0x00000001                ASSERT (((_vector_spacing == 0x0) || (SIZEOF (.vector_37) <= (_vector_spacing << 0x5))), function at exception vector 37 too large)

.vector_38      0x9d00f6c0        0x8
 *(.vector_38)
 .vector_38     0x9d00f6c0        0x8 c:/x32/xc32/v1.42/bin/bin/../../lib/gcc/pic32mx/4.8.3/../../../../pic32mx/lib/mips16\libpic32.a(vector38.o)
                0x9d00f6c0                __vector_dispatch_38
                0x00000001                ASSERT (((_vector_spacing == 0x0) || (SIZEOF (.vector_38) <= (_vector_spacing << 0x5))), function at exception vector 38 too large)

.vector_39      0x9d00f6e0        0x8
 *(.vector_39)
 .vector_39     0x9d00f6e0        0x8 c:/x32/xc32/v1.42/bin/bin/../../lib/gcc/pic32mx/4.8.3/../../../../pic32mx/lib/mips16\libpic32.a(vector39.o)
                0x9d00f6e0                __vector_dispatch_39
                0x00000001                ASSERT (((_vector_spacing == 0x0) || (SIZEOF (.vector_39) <= (_vector_spacing << 0x5))), function at exception vector 39 too large)

.vector_40      0x9d00f700        0x8
 *(.vector_40)
 .vector_40     0x9d00f700        0x8 c:/x32/xc32/v1.42/bin/bin/../../lib/gcc/pic32mx/4.8.3/../../../../pic32mx/lib/mips16\libpic32.a(vector40.o)
                0x9d00f700                __vector_dispatch_40
                0x00000001                ASSERT (((_vector_spacing == 0x0) || (SIZEOF (.vector_40) <= (_vector_spacing << 0x5))), function at exception vector 40 too large)

.vector_41      0x9d00f720        0x8
 *(.vector_41)
 .vector_41     0x9d00f720        0x8 c:/x32/xc32/v1.42/bin/bin/../../lib/gcc/pic32mx/4.8.3/../../../../pic32mx/lib/mips16\libpic32.a(vector41.o)
                0x9d00f720                __vector_dispatch_41
                0x00000001                ASSERT (((_vector_spacing == 0x0) || (SIZEOF (.vector_41) <= (_vector_spacing << 0x5))), function at exception vector 41 too large)

.vector_42      0x9d00f740        0x8
 *(.vector_42)
 .vector_42     0x9d00f740        0x8 c:/x32/xc32/v1.42/bin/bin/../../lib/gcc/pic32mx/4.8.3/../../../../pic32mx/lib/mips16\libpic32.a(vector42.o)
                0x9d00f740                __vector_dispatch_42
                0x00000001                ASSERT (((_vector_spacing == 0x0) || (SIZEOF (.vector_42) <= (_vector_spacing << 0x5))), function at exception vector 42 too large)

.vector_43      0x9d00f760        0x8
 *(.vector_43)
 .vector_43     0x9d00f760        0x8 c:/x32/xc32/v1.42/bin/bin/../../lib/gcc/pic32mx/4.8.3/../../../../pic32mx/lib/mips16\libpic32.a(vector43.o)
                0x9d00f760                __vector_dispatch_43
                0x00000001                ASSERT (((_vector_spacing == 0x0) || (SIZEOF (.vector_43) <= (_vector_spacing << 0x5))), function at exception vector 43 too large)

.vector_44      0x9d00f780        0x0
 *(.vector_44)
                0x00000001                ASSERT (((_vector_spacing == 0x0) || (SIZEOF (.vector_44) <= (_vector_spacing << 0x5))), function at exception vector 44 too large)

.vector_45      0x9d00f7a0        0x0
 *(.vector_45)
                0x00000001                ASSERT (((_vector_spacing == 0x0) || (SIZEOF (.vector_45) <= (_vector_spacing << 0x5))), function at exception vector 45 too large)

.vector_46      0x9d00f7c0        0x0
 *(.vector_46)
                0x00000001                ASSERT (((_vector_spacing == 0x0) || (SIZEOF (.vector_46) <= (_vector_spacing << 0x5))), function at exception vector 46 too large)

.vector_47      0x9d00f7e0        0x0
 *(.vector_47)
                0x00000001                ASSERT (((_vector_spacing == 0x0) || (SIZEOF (.vector_47) <= (_vector_spacing << 0x5))), function at exception vector 47 too large)

.vector_48      0x9d00f800        0x0
 *(.vector_48)
                0x00000001                ASSERT (((_vector_spacing == 0x0) || (SIZEOF (.vector_48) <= (_vector_spacing << 0x5))), function at exception vector 48 too large)

.vector_49      0x9d00f820        0x0
 *(.vector_49)
                0x00000001                ASSERT (((_vector_spacing == 0x0) || (SIZEOF (.vector_49) <= (_vector_spacing << 0x5))), function at exception vector 49 too large)

.vector_50      0x9d00f840        0x0
 *(.vector_50)
                0x00000001                ASSERT (((_vector_spacing == 0x0) || (SIZEOF (.vector_50) <= (_vector_spacing << 0x5))), function at exception vector 50 too large)

.vector_51      0x9d00f860        0x0
 *(.vector_51)
                0x00000001                ASSERT (((_vector_spacing == 0x0) || (SIZEOF (.vector_51) <= (_vector_spacing << 0x5))), function at exception vector 51 too large)

.vector_52      0x9d00f880        0x0
 *(.vector_52)
                0x00000001                ASSERT (((_vector_spacing == 0x0) || (SIZEOF (.vector_52) <= (_vector_spacing << 0x5))), function at exception vector 52 too large)

.vector_53      0x9d00f8a0        0x0
 *(.vector_53)
                0x00000001                ASSERT (((_vector_spacing == 0x0) || (SIZEOF (.vector_53) <= (_vector_spacing << 0x5))), function at exception vector 53 too large)

.vector_54      0x9d00f8c0        0x0
 *(.vector_54)
                0x00000001                ASSERT (((_vector_spacing == 0x0) || (SIZEOF (.vector_54) <= (_vector_spacing << 0x5))), function at exception vector 54 too large)

.vector_55      0x9d00f8e0        0x0
 *(.vector_55)
                0x00000001                ASSERT (((_vector_spacing == 0x0) || (SIZEOF (.vector_55) <= (_vector_spacing << 0x5))), function at exception vector 55 too large)

.vector_56      0x9d00f900        0x0
 *(.vector_56)
                0x00000001                ASSERT (((_vector_spacing == 0x0) || (SIZEOF (.vector_56) <= (_vector_spacing << 0x5))), function at exception vector 56 too large)

.vector_57      0x9d00f920        0x0
 *(.vector_57)
                0x00000001                ASSERT (((_vector_spacing == 0x0) || (SIZEOF (.vector_57) <= (_vector_spacing << 0x5))), function at exception vector 57 too large)

.vector_58      0x9d00f940        0x0
 *(.vector_58)
                0x00000001                ASSERT (((_vector_spacing == 0x0) || (SIZEOF (.vector_58) <= (_vector_spacing << 0x5))), function at exception vector 58 too large)

.vector_59      0x9d00f960        0x0
 *(.vector_59)
                0x00000001                ASSERT (((_vector_spacing == 0x0) || (SIZEOF (.vector_59) <= (_vector_spacing << 0x5))), function at exception vector 59 too large)

.vector_60      0x9d00f980        0x0
 *(.vector_60)
                0x00000001                ASSERT (((_vector_spacing == 0x0) || (SIZEOF (.vector_60) <= (_vector_spacing << 0x5))), function at exception vector 60 too large)

.vector_61      0x9d00f9a0        0x0
 *(.vector_61)
                0x00000001                ASSERT (((_vector_spacing == 0x0) || (SIZEOF (.vector_61) <= (_vector_spacing << 0x5))), function at exception vector 61 too large)

.vector_62      0x9d00f9c0        0x0
 *(.vector_62)
                0x00000001                ASSERT (((_vector_spacing == 0x0) || (SIZEOF (.vector_62) <= (_vector_spacing << 0x5))), function at exception vector 62 too large)

.vector_63      0x9d00f9e0        0x0
 *(.vector_63)
                0x00000001                ASSERT (((_vector_spacing == 0x0) || (SIZEOF (.vector_63) <= (_vector_spacing << 0x5))), function at exception vector 63 too large)

.startup
 *(.startup)

.text           0x9d000000        0x0
 *(.stub .gnu.linkonce.t.*)
 *(.text.*personality*)
 *(.mips16.fn.*)
 *(.mips16.call.*)
 *(.gnu.warning)
                0x9d000000                . = ALIGN (0x4)

.init           0x9d000000        0x0
 *crti.o(.init)
 *crtbegin.o(.init)
 *(EXCLUDE_FILE(*crtn.o *crtend?.o *crtend.o) .init)
 *crtend.o(.init)
 *crtn.o(.init)
                0x9d000000                . = ALIGN (0x4)

.fini           0x9d000000        0x0
 *(.fini)
                0x9d000000                . = ALIGN (0x4)

.preinit_array  0x9d000000        0x0
                0x9d000000                PROVIDE (__preinit_array_start, .)
 *(.preinit_array)
                0x9d000000                PROVIDE (__preinit_array_end, .)
                0x9d000000                . = ALIGN (0x4)

.init_array     0x9d000000        0x0
                0x9d000000                PROVIDE (__init_array_start, .)
 *(SORT(.init_array.*))
 *(.init_array)
                0x9d000000                PROVIDE (__init_array_end, .)
                0x9d000000                . = ALIGN (0x4)

.fini_array     0x9d000000        0x0
                0x9d000000                PROVIDE (__fini_array_start, .)
 *(SORT(.fini_array.*))
 *(.fini_array)
                0x9d000000                PROVIDE (__fini_array_end, .)
                0x9d000000                . = ALIGN (0x4)

.ctors          0x9d000000        0x0
 *crtbegin.o(.ctors)
 *crtbegin?.o(.ctors)
 *(EXCLUDE_FILE(*crtend?.o *crtend.o) .ctors)
 *(SORT(.ctors.*))
 *(.ctors)
                0x9d000000                . = ALIGN (0x4)

.dtors          0x9d000000        0x0
 *crtbegin.o(.dtors)
 *crtbegin?.o(.dtors)
 *(EXCLUDE_FILE(*crtend?.o *crtend.o) .dtors)
 *(SORT(.dtors.*))
 *(.dtors)
                0x9d000000                . = ALIGN (0x4)

.rodata         0x9d000000        0x0
 *(.gnu.linkonce.r.*)
 *(.rodata1)
                0x9d000000                . = ALIGN (0x4)

.sdata2         0x9fc00490        0x0
 *(.sdata2 .sdata2.* .gnu.linkonce.s2.*)
                0x9fc00490                . = ALIGN (0x4)

.sbss2          0x9fc00490        0x0
 *(.sbss2 .sbss2.* .gnu.linkonce.sb2.*)
                0x9fc00490                . = ALIGN (0x4)

.eh_frame_hdr
 *(.eh_frame_hdr)
                0x9fc00490                . = ALIGN (0x4)

.eh_frame
 *(.eh_frame)
                0x9fc00490                . = ALIGN (0x4)

.gcc_except_table
 *(.gcc_except_table .gcc_except_table.*)
                0x9fc00490                . = ALIGN (0x4)

.dbg_data       0xa0000000        0x0
                0xa0000000                . = (. + DEFINED (_DEBUGGER)?0x200:0x0)

.jcr            0xa0000000        0x0
 *(.jcr)
                0xa0000000                . = ALIGN (0x4)

.eh_frame
 *(.eh_frame)
                0xa0000000                . = ALIGN (0x4)

.gcc_except_table
 *(.gcc_except_table .gcc_except_table.*)
                0xa0000000                . = ALIGN (0x4)

.persist        0xa0000000        0x0
                0xa0000000                _persist_begin = .
 *(.persist .persist.*)
 *(.pbss .pbss.*)
                0xa0000000                . = ALIGN (0x4)
                0xa0000000                _persist_end = .

.data           0xa0000000        0x0
 *(.gnu.linkonce.d.*)
 *(.data1)
                0xa0000000                . = ALIGN (0x4)
                0xa0000000                . = .
                0xa0007ff0                _gp = (ALIGN (0x10) + 0x7ff0)

.got            0xa0000000        0x0
 *(.got.plt)
 *(.got)
                0xa0000000                . = ALIGN (0x4)

.sdata          0xa0000000        0xc
                0xa0000000                _sdata_begin = .
 *(.sdata .sdata.* .gnu.linkonce.s.*)
 .sdata         0xa0000000        0x2 Robot.o
                0xa0000000                base_duty
                0xa0000001                Command
 *fill*         0xa0000002        0x2 
 .sdata         0xa0000004        0x4 c:/x32/xc32/v1.42/bin/bin/../../lib/gcc/pic32mx/4.8.3/../../../../pic32mx/lib/mips16\liblega-c.a(_iobdata.o)
                0xa0000004                _libc_data
 .sdata         0xa0000008        0x4 c:/x32/xc32/v1.42/bin/bin/../../lib/gcc/pic32mx/4.8.3/../../../../pic32mx/lib/mips16\libpic32.a(xc32_uart.o)
                0xa0000008                __XC_UART
                0xa000000c                . = ALIGN (0x4)
                0xa000000c                _sdata_end = .

.lit8
 *(.lit8)

.lit4
 *(.lit4)
                0xa000000c                . = ALIGN (0x4)
                0xa000000c                _data_end = .
                0xa000000c                _bss_begin = .

.sbss           0xa000000c       0x4c
                0xa000000c                _sbss_begin = .
 *(.dynsbss)
 *(.sbss .sbss.* .gnu.linkonce.sb.*)
 .sbss          0xa000000c       0x18 Robot.o
                0xa000000c                StartTurn
                0xa0000010                TurnFirstPassFlag
                0xa0000014                StoppedFlag
                0xa0000018                ReverseFlag
                0xa000001c                TurnCmdFlag
                0xa0000020                Turn180CmdFlag
 .sbss          0xa0000024        0x4 c:/x32/xc32/v1.42/bin/bin/../../lib/gcc/pic32mx/4.8.3/../../../../pic32mx/lib/mips16\liblega-c.a(errno.o)
                0xa0000024                errno
 *(.scommon)
 .scommon       0xa0000028       0x2d Robot.o
                0xa0000028                an2
                0xa000002c                intersect_adjust
                0xa0000030                duty1
                0xa0000034                voltage1
                0xa0000038                an1
                0xa000003c                voltage3
                0xa0000040                an3
                0xa0000044                voltage2
                0xa0000048                speed_adjust
                0xa000004c                duty2
                0xa0000050                Misalignment
                0xa0000054                pwm_count
                0xa0000055                _sbss_end = .
                0xa0000058                . = ALIGN (0x4)
 *fill*         0xa0000055        0x3 

.bss            0xa0000058        0x0
 *(.dynbss)
 *(COMMON)
                0xa0000058                . = ALIGN ((. != 0x0)?0x4:0x1)
                0xa0000058                . = ALIGN (0x4)
                0xa0000058                _end = .
                0xa0000058                _bss_end = .
                0x00004000                _bmxdudba_address = 0x4000
                0x00004000                _bmxdupba_address = 0x4000

/DISCARD/
 *(.pdr)
 *(.rel.dyn)
 *(.note.GNU-stack)
 *(.note.GNU-stack)
 *(.gnu_debuglink)
 *(.gnu.lto_*)
 *(.discard)

.gptab.sdata
 *(.gptab.data)
 *(.gptab.sdata)

.gptab.sbss
 *(.gptab.bss)
 *(.gptab.sbss)

.mdebug.abi32   0xa0000058        0x0
 *(.mdebug.abi32)
 .mdebug.abi32  0xa0000058        0x0 Robot.o
 .mdebug.abi32  0xa0000058        0x0 PIC32_LCD.o
 .mdebug.abi32  0xa0000058        0x0 c:/x32/xc32/v1.42/bin/bin/../../lib/gcc/pic32mx/4.8.3/../../../../pic32mx/lib/mips16\libpic32.a(default-bootstrap-exception-handler.o)
 .mdebug.abi32  0xa0000058        0x0 c:/x32/xc32/v1.42/bin/bin/../../lib/gcc/pic32mx/4.8.3/../../../../pic32mx/lib/mips16\libpic32.a(default-on-reset.o)
 .mdebug.abi32  0xa0000058        0x0 c:/x32/xc32/v1.42/bin/bin/../../lib/gcc/pic32mx/4.8.3/../../../../pic32mx/lib/mips16\libpic32.a(default-on-bootstrap.o)
 .mdebug.abi32  0xa0000058        0x0 c:/x32/xc32/v1.42/bin/bin/../../lib/gcc/pic32mx/4.8.3/../../../../pic32mx/lib/mips16\libpic32.a(default-general-exception-handler.o)
 .mdebug.abi32  0xa0000058        0x0 c:/x32/xc32/v1.42/bin/bin/../../lib/gcc/pic32mx/4.8.3/../../../../pic32mx/lib/mips16\libpic32.a(defaultinterrupt.o)
 .mdebug.abi32  0xa0000058        0x0 c:/x32/xc32/v1.42/bin/bin/../../lib/gcc/pic32mx/4.8.3/../../../../pic32mx/lib/mips16\libm.a(w_powf.o)
 .mdebug.abi32  0xa0000058        0x0 c:/x32/xc32/v1.42/bin/bin/../../lib/gcc/pic32mx/4.8.3/../../../../pic32mx/lib/mips16\libm.a(s_lib_ver.o)
 .mdebug.abi32  0xa0000058        0x0 c:/x32/xc32/v1.42/bin/bin/../../lib/gcc/pic32mx/4.8.3/../../../../pic32mx/lib/mips16\liblega-c.a(errno.o)
 .mdebug.abi32  0xa0000058        0x0 c:/x32/xc32/v1.42/bin/bin/../../lib/gcc/pic32mx/4.8.3/../../../../pic32mx/lib/mips16\liblega-c.a(isinf.o)
 .mdebug.abi32  0xa0000058        0x0 c:/x32/xc32/v1.42/bin/bin/../../lib/gcc/pic32mx/4.8.3/../../../../pic32mx/lib/mips16\liblega-c.a(sprintf_cdfFnopuxX.eo)
 .mdebug.abi32  0xa0000058        0x0 c:/x32/xc32/v1.42/bin/bin/../../lib/gcc/pic32mx/4.8.3/../../../../pic32mx/lib/mips16\liblega-c.a(_doprnt_cdfFnopuxX.eo)
 .mdebug.abi32  0xa0000058        0x0 c:/x32/xc32/v1.42/bin/bin/../../lib/gcc/pic32mx/4.8.3/../../../../pic32mx/lib/mips16\liblega-c.a(_iobdata.o)
 .mdebug.abi32  0xa0000058        0x0 c:/x32/xc32/v1.42/bin/bin/../../lib/gcc/pic32mx/4.8.3/../../../../pic32mx/lib/mips16\liblega-c.a(_iobfuncs.o)
 .mdebug.abi32  0xa0000058        0x0 c:/x32/xc32/v1.42/bin/bin/../../lib/gcc/pic32mx/4.8.3/../../../../pic32mx/lib/mips16\liblega-c.a(_iobstring.o)
 .mdebug.abi32  0xa0000058        0x0 c:/x32/xc32/v1.42/bin/bin/../../lib/gcc/pic32mx/4.8.3/../../../../pic32mx/lib/mips16\liblega-c.a(fputc.o)
 .mdebug.abi32  0xa0000058        0x0 c:/x32/xc32/v1.42/bin/bin/../../lib/gcc/pic32mx/4.8.3/../../../../pic32mx/lib/mips16\liblega-c.a(strlen.o)
 .mdebug.abi32  0xa0000058        0x0 c:/x32/xc32/v1.42/bin/bin/../../lib/gcc/pic32mx/4.8.3/../../../../pic32mx/lib/mips16\libpic32.a(_mon_getc.o)
 .mdebug.abi32  0xa0000058        0x0 c:/x32/xc32/v1.42/bin/bin/../../lib/gcc/pic32mx/4.8.3/../../../../pic32mx/lib/mips16\libpic32.a(_mon_write.o)
 .mdebug.abi32  0xa0000058        0x0 c:/x32/xc32/v1.42/bin/bin/../../lib/gcc/pic32mx/4.8.3/../../../../pic32mx/lib/mips16\libpic32.a(xc32_uart.o)
 .mdebug.abi32  0xa0000058        0x0 c:/x32/xc32/v1.42/bin/bin/../../lib/gcc/pic32mx/4.8.3/../../../../pic32mx/lib/mips16\libpic32.a(_mon_putc.o)
 .mdebug.abi32  0xa0000058        0x0 c:/x32/xc32/v1.42/bin/bin/../../lib/gcc/pic32mx/4.8.3/../../../../pic32mx/lib/mips16\libe.a(_unorddf2.o)
 .mdebug.abi32  0xa0000058        0x0 c:/x32/xc32/v1.42/bin/bin/../../lib/gcc/pic32mx/4.8.3/mips16\libgcc.a(_udivdi3.o)
 .mdebug.abi32  0xa0000058        0x0 c:/x32/xc32/v1.42/bin/bin/../../lib/gcc/pic32mx/4.8.3/mips16\libgcc.a(_umoddi3.o)
 .mdebug.abi32  0xa0000058        0x0 c:/x32/xc32/v1.42/bin/bin/../../lib/gcc/pic32mx/4.8.3/mips16\libgcc.a(_clz.o)

.mdebug.abiN32
 *(.mdebug.abiN32)

.mdebug.abi64
 *(.mdebug.abi64)

.mdebug.abiO64
 *(.mdebug.abiO64)

.mdebug.eabi32
 *(.mdebug.eabi32)

.mdebug.eabi64
 *(.mdebug.eabi64)

.gcc_compiled_long32
 *(.gcc_compiled_long32)

.gcc_compiled_long64
 *(.gcc_compiled_long64)

.stab
 *(.stab)

.stabstr
 *(.stabstr)

.stab.excl
 *(.stab.excl)

.stab.exclstr
 *(.stab.exclstr)

.stab.index
 *(.stab.index)

.stab.indexstr
 *(.stab.indexstr)

.comment        0x00000000      0x317
 *(.comment)
 .comment       0x00000000       0x3c Robot.o
                                 0x3d (size before relaxing)
 .comment       0x00000000       0x3d PIC32_LCD.o
 .comment       0x00000000       0x3d c:/x32/xc32/v1.42/bin/bin/../../lib/gcc/pic32mx/4.8.3/../../../../pic32mx/lib/mips16\libpic32.a(default-bootstrap-exception-handler.o)
 .comment       0x00000000       0x3d c:/x32/xc32/v1.42/bin/bin/../../lib/gcc/pic32mx/4.8.3/../../../../pic32mx/lib/mips16\libpic32.a(default-on-reset.o)
 .comment       0x00000000       0x3d c:/x32/xc32/v1.42/bin/bin/../../lib/gcc/pic32mx/4.8.3/../../../../pic32mx/lib/mips16\libpic32.a(default-on-bootstrap.o)
 .comment       0x00000000       0x3d c:/x32/xc32/v1.42/bin/bin/../../lib/gcc/pic32mx/4.8.3/../../../../pic32mx/lib/mips16\libpic32.a(default-general-exception-handler.o)
 .comment       0x00000000       0x3d c:/x32/xc32/v1.42/bin/bin/../../lib/gcc/pic32mx/4.8.3/../../../../pic32mx/lib/mips16\libpic32.a(defaultinterrupt.o)
 .comment       0x00000000       0x3d c:/x32/xc32/v1.42/bin/bin/../../lib/gcc/pic32mx/4.8.3/../../../../pic32mx/lib/mips16\libm.a(w_powf.o)
 .comment       0x00000000       0x3d c:/x32/xc32/v1.42/bin/bin/../../lib/gcc/pic32mx/4.8.3/../../../../pic32mx/lib/mips16\libm.a(s_lib_ver.o)
 .comment       0x0000003c       0x4e c:/x32/xc32/v1.42/bin/bin/../../lib/gcc/pic32mx/4.8.3/../../../../pic32mx/lib/mips16\liblega-c.a(errno.o)
                                 0x8b (size before relaxing)
 .comment       0x00000000       0x3d c:/x32/xc32/v1.42/bin/bin/../../lib/gcc/pic32mx/4.8.3/../../../../pic32mx/lib/mips16\liblega-c.a(isinf.o)
 .comment       0x0000008a       0x52 c:/x32/xc32/v1.42/bin/bin/../../lib/gcc/pic32mx/4.8.3/../../../../pic32mx/lib/mips16\liblega-c.a(sprintf_cdfFnopuxX.eo)
                                 0x8f (size before relaxing)
 .comment       0x000000dc       0x52 c:/x32/xc32/v1.42/bin/bin/../../lib/gcc/pic32mx/4.8.3/../../../../pic32mx/lib/mips16\liblega-c.a(_doprnt_cdfFnopuxX.eo)
                                 0x8f (size before relaxing)
 .comment       0x0000012e       0x53 c:/x32/xc32/v1.42/bin/bin/../../lib/gcc/pic32mx/4.8.3/../../../../pic32mx/lib/mips16\liblega-c.a(_iobdata.o)
                                 0x90 (size before relaxing)
 .comment       0x00000181       0x54 c:/x32/xc32/v1.42/bin/bin/../../lib/gcc/pic32mx/4.8.3/../../../../pic32mx/lib/mips16\liblega-c.a(_iobfuncs.o)
                                 0x91 (size before relaxing)
 .comment       0x000001d5       0x55 c:/x32/xc32/v1.42/bin/bin/../../lib/gcc/pic32mx/4.8.3/../../../../pic32mx/lib/mips16\liblega-c.a(_iobstring.o)
                                 0x92 (size before relaxing)
 .comment       0x0000022a       0x50 c:/x32/xc32/v1.42/bin/bin/../../lib/gcc/pic32mx/4.8.3/../../../../pic32mx/lib/mips16\liblega-c.a(fputc.o)
                                 0x8d (size before relaxing)
 .comment       0x0000027a       0x4f c:/x32/xc32/v1.42/bin/bin/../../lib/gcc/pic32mx/4.8.3/../../../../pic32mx/lib/mips16\liblega-c.a(strlen.o)
                                 0x8c (size before relaxing)
 .comment       0x00000000       0x3d c:/x32/xc32/v1.42/bin/bin/../../lib/gcc/pic32mx/4.8.3/../../../../pic32mx/lib/mips16\libpic32.a(_mon_getc.o)
 .comment       0x00000000       0x3d c:/x32/xc32/v1.42/bin/bin/../../lib/gcc/pic32mx/4.8.3/../../../../pic32mx/lib/mips16\libpic32.a(_mon_write.o)
 .comment       0x00000000       0x3d c:/x32/xc32/v1.42/bin/bin/../../lib/gcc/pic32mx/4.8.3/../../../../pic32mx/lib/mips16\libpic32.a(xc32_uart.o)
 .comment       0x00000000       0x3d c:/x32/xc32/v1.42/bin/bin/../../lib/gcc/pic32mx/4.8.3/../../../../pic32mx/lib/mips16\libpic32.a(_mon_putc.o)
 .comment       0x000002c9       0x4e c:/x32/xc32/v1.42/bin/bin/../../lib/gcc/pic32mx/4.8.3/../../../../pic32mx/lib/mips16\libe.a(_unorddf2.o)
                                 0x8b (size before relaxing)
 .comment       0x00000000       0x3d c:/x32/xc32/v1.42/bin/bin/../../lib/gcc/pic32mx/4.8.3/mips16\libgcc.a(_udivdi3.o)
 .comment       0x00000000       0x3d c:/x32/xc32/v1.42/bin/bin/../../lib/gcc/pic32mx/4.8.3/mips16\libgcc.a(_umoddi3.o)
 .comment       0x00000000       0x3d c:/x32/xc32/v1.42/bin/bin/../../lib/gcc/pic32mx/4.8.3/mips16\libgcc.a(_clz.o)

.debug
 *(.debug)

.line
 *(.line)

.debug_srcinfo
 *(.debug_srcinfo)

.debug_sfnames
 *(.debug_sfnames)

.debug_aranges  0x00000000      0x1d8
 *(.debug_aranges)
 .debug_aranges
                0x00000000       0x20 Robot.o
 .debug_aranges
                0x00000020       0x20 PIC32_LCD.o
 .debug_aranges
                0x00000040       0x20 c:/x32/xc32/v1.42/bin/bin/../../lib/gcc/pic32mx/4.8.3/../../../../pic32mx/lib/mips16\libpic32.a(default-bootstrap-exception-handler.o)
 .debug_aranges
                0x00000060       0x20 c:/x32/xc32/v1.42/bin/bin/../../lib/gcc/pic32mx/4.8.3/../../../../pic32mx/lib/mips16\libpic32.a(default-on-reset.o)
 .debug_aranges
                0x00000080       0x20 c:/x32/xc32/v1.42/bin/bin/../../lib/gcc/pic32mx/4.8.3/../../../../pic32mx/lib/mips16\libpic32.a(default-on-bootstrap.o)
 .debug_aranges
                0x000000a0       0x20 c:/x32/xc32/v1.42/bin/bin/../../lib/gcc/pic32mx/4.8.3/../../../../pic32mx/lib/mips16\libpic32.a(default-general-exception-handler.o)
 .debug_aranges
                0x000000c0       0x20 c:/x32/xc32/v1.42/bin/bin/../../lib/gcc/pic32mx/4.8.3/../../../../pic32mx/lib/mips16\libpic32.a(defaultinterrupt.o)
 .debug_aranges
                0x000000e0       0x20 c:/x32/xc32/v1.42/bin/bin/../../lib/gcc/pic32mx/4.8.3/../../../../pic32mx/lib/mips16\libm.a(w_powf.o)
 .debug_aranges
                0x00000100       0x20 c:/x32/xc32/v1.42/bin/bin/../../lib/gcc/pic32mx/4.8.3/../../../../pic32mx/lib/mips16\libpic32.a(_mon_getc.o)
 .debug_aranges
                0x00000120       0x20 c:/x32/xc32/v1.42/bin/bin/../../lib/gcc/pic32mx/4.8.3/../../../../pic32mx/lib/mips16\libpic32.a(_mon_write.o)
 .debug_aranges
                0x00000140       0x20 c:/x32/xc32/v1.42/bin/bin/../../lib/gcc/pic32mx/4.8.3/../../../../pic32mx/lib/mips16\libpic32.a(_mon_putc.o)
 .debug_aranges
                0x00000160       0x20 c:/x32/xc32/v1.42/bin/bin/../../lib/gcc/pic32mx/4.8.3/../../../../pic32mx/lib/mips16\libe.a(_unorddf2.o)
 .debug_aranges
                0x00000180       0x20 c:/x32/xc32/v1.42/bin/bin/../../lib/gcc/pic32mx/4.8.3/mips16\libgcc.a(_udivdi3.o)
 .debug_aranges
                0x000001a0       0x20 c:/x32/xc32/v1.42/bin/bin/../../lib/gcc/pic32mx/4.8.3/mips16\libgcc.a(_umoddi3.o)
 .debug_aranges
                0x000001c0       0x18 c:/x32/xc32/v1.42/bin/bin/../../lib/gcc/pic32mx/4.8.3/mips16\libgcc.a(_clz.o)

.debug_pubnames
 *(.debug_pubnames)

.debug_info     0x00000000     0x482a
 *(.debug_info .gnu.linkonce.wi.*)
 .debug_info    0x00000000     0x230d Robot.o
 .debug_info    0x0000230d      0x957 PIC32_LCD.o
 .debug_info    0x00002c64       0xf5 c:/x32/xc32/v1.42/bin/bin/../../lib/gcc/pic32mx/4.8.3/../../../../pic32mx/lib/mips16\libpic32.a(default-bootstrap-exception-handler.o)
 .debug_info    0x00002d59       0xcf c:/x32/xc32/v1.42/bin/bin/../../lib/gcc/pic32mx/4.8.3/../../../../pic32mx/lib/mips16\libpic32.a(default-on-reset.o)
 .debug_info    0x00002e28       0xd7 c:/x32/xc32/v1.42/bin/bin/../../lib/gcc/pic32mx/4.8.3/../../../../pic32mx/lib/mips16\libpic32.a(default-on-bootstrap.o)
 .debug_info    0x00002eff       0xf1 c:/x32/xc32/v1.42/bin/bin/../../lib/gcc/pic32mx/4.8.3/../../../../pic32mx/lib/mips16\libpic32.a(default-general-exception-handler.o)
 .debug_info    0x00002ff0       0xe9 c:/x32/xc32/v1.42/bin/bin/../../lib/gcc/pic32mx/4.8.3/../../../../pic32mx/lib/mips16\libpic32.a(defaultinterrupt.o)
 .debug_info    0x000030d9       0xbd c:/x32/xc32/v1.42/bin/bin/../../lib/gcc/pic32mx/4.8.3/../../../../pic32mx/lib/mips16\libm.a(w_powf.o)
 .debug_info    0x00003196       0xc8 c:/x32/xc32/v1.42/bin/bin/../../lib/gcc/pic32mx/4.8.3/../../../../pic32mx/lib/mips16\libpic32.a(_mon_getc.o)
 .debug_info    0x0000325e       0xca c:/x32/xc32/v1.42/bin/bin/../../lib/gcc/pic32mx/4.8.3/../../../../pic32mx/lib/mips16\libpic32.a(_mon_write.o)
 .debug_info    0x00003328       0xc8 c:/x32/xc32/v1.42/bin/bin/../../lib/gcc/pic32mx/4.8.3/../../../../pic32mx/lib/mips16\libpic32.a(_mon_putc.o)
 .debug_info    0x000033f0       0xd0 c:/x32/xc32/v1.42/bin/bin/../../lib/gcc/pic32mx/4.8.3/../../../../pic32mx/lib/mips16\libe.a(_unorddf2.o)
 .debug_info    0x000034c0      0x862 c:/x32/xc32/v1.42/bin/bin/../../lib/gcc/pic32mx/4.8.3/mips16\libgcc.a(_udivdi3.o)
 .debug_info    0x00003d22      0x8bf c:/x32/xc32/v1.42/bin/bin/../../lib/gcc/pic32mx/4.8.3/mips16\libgcc.a(_umoddi3.o)
 .debug_info    0x000045e1      0x249 c:/x32/xc32/v1.42/bin/bin/../../lib/gcc/pic32mx/4.8.3/mips16\libgcc.a(_clz.o)

.debug_abbrev   0x00000000      0x75c
 *(.debug_abbrev)
 .debug_abbrev  0x00000000      0x170 Robot.o
 .debug_abbrev  0x00000170      0x13f PIC32_LCD.o
 .debug_abbrev  0x000002af       0x28 c:/x32/xc32/v1.42/bin/bin/../../lib/gcc/pic32mx/4.8.3/../../../../pic32mx/lib/mips16\libpic32.a(default-bootstrap-exception-handler.o)
 .debug_abbrev  0x000002d7       0x28 c:/x32/xc32/v1.42/bin/bin/../../lib/gcc/pic32mx/4.8.3/../../../../pic32mx/lib/mips16\libpic32.a(default-on-reset.o)
 .debug_abbrev  0x000002ff       0x28 c:/x32/xc32/v1.42/bin/bin/../../lib/gcc/pic32mx/4.8.3/../../../../pic32mx/lib/mips16\libpic32.a(default-on-bootstrap.o)
 .debug_abbrev  0x00000327       0x28 c:/x32/xc32/v1.42/bin/bin/../../lib/gcc/pic32mx/4.8.3/../../../../pic32mx/lib/mips16\libpic32.a(default-general-exception-handler.o)
 .debug_abbrev  0x0000034f       0x28 c:/x32/xc32/v1.42/bin/bin/../../lib/gcc/pic32mx/4.8.3/../../../../pic32mx/lib/mips16\libpic32.a(defaultinterrupt.o)
 .debug_abbrev  0x00000377       0x28 c:/x32/xc32/v1.42/bin/bin/../../lib/gcc/pic32mx/4.8.3/../../../../pic32mx/lib/mips16\libm.a(w_powf.o)
 .debug_abbrev  0x0000039f       0x28 c:/x32/xc32/v1.42/bin/bin/../../lib/gcc/pic32mx/4.8.3/../../../../pic32mx/lib/mips16\libpic32.a(_mon_getc.o)
 .debug_abbrev  0x000003c7       0x28 c:/x32/xc32/v1.42/bin/bin/../../lib/gcc/pic32mx/4.8.3/../../../../pic32mx/lib/mips16\libpic32.a(_mon_write.o)
 .debug_abbrev  0x000003ef       0x28 c:/x32/xc32/v1.42/bin/bin/../../lib/gcc/pic32mx/4.8.3/../../../../pic32mx/lib/mips16\libpic32.a(_mon_putc.o)
 .debug_abbrev  0x00000417       0x35 c:/x32/xc32/v1.42/bin/bin/../../lib/gcc/pic32mx/4.8.3/../../../../pic32mx/lib/mips16\libe.a(_unorddf2.o)
 .debug_abbrev  0x0000044c      0x152 c:/x32/xc32/v1.42/bin/bin/../../lib/gcc/pic32mx/4.8.3/mips16\libgcc.a(_udivdi3.o)
 .debug_abbrev  0x0000059e      0x16c c:/x32/xc32/v1.42/bin/bin/../../lib/gcc/pic32mx/4.8.3/mips16\libgcc.a(_umoddi3.o)
 .debug_abbrev  0x0000070a       0x52 c:/x32/xc32/v1.42/bin/bin/../../lib/gcc/pic32mx/4.8.3/mips16\libgcc.a(_clz.o)

.debug_line     0x00000000      0xcfa
 *(.debug_line)
 .debug_line    0x00000000      0x25c Robot.o
 .debug_line    0x0000025c      0x1a9 PIC32_LCD.o
 .debug_line    0x00000405       0xa9 c:/x32/xc32/v1.42/bin/bin/../../lib/gcc/pic32mx/4.8.3/../../../../pic32mx/lib/mips16\libpic32.a(default-bootstrap-exception-handler.o)
 .debug_line    0x000004ae       0x96 c:/x32/xc32/v1.42/bin/bin/../../lib/gcc/pic32mx/4.8.3/../../../../pic32mx/lib/mips16\libpic32.a(default-on-reset.o)
 .debug_line    0x00000544       0x9a c:/x32/xc32/v1.42/bin/bin/../../lib/gcc/pic32mx/4.8.3/../../../../pic32mx/lib/mips16\libpic32.a(default-on-bootstrap.o)
 .debug_line    0x000005de       0xa7 c:/x32/xc32/v1.42/bin/bin/../../lib/gcc/pic32mx/4.8.3/../../../../pic32mx/lib/mips16\libpic32.a(default-general-exception-handler.o)
 .debug_line    0x00000685       0xa8 c:/x32/xc32/v1.42/bin/bin/../../lib/gcc/pic32mx/4.8.3/../../../../pic32mx/lib/mips16\libpic32.a(defaultinterrupt.o)
 .debug_line    0x0000072d       0x89 c:/x32/xc32/v1.42/bin/bin/../../lib/gcc/pic32mx/4.8.3/../../../../pic32mx/lib/mips16\libm.a(w_powf.o)
 .debug_line    0x000007b6        0x0 c:/x32/xc32/v1.42/bin/bin/../../lib/gcc/pic32mx/4.8.3/../../../../pic32mx/lib/mips16\libm.a(s_lib_ver.o)
 .debug_line    0x000007b6       0x8f c:/x32/xc32/v1.42/bin/bin/../../lib/gcc/pic32mx/4.8.3/../../../../pic32mx/lib/mips16\libpic32.a(_mon_getc.o)
 .debug_line    0x00000845       0x90 c:/x32/xc32/v1.42/bin/bin/../../lib/gcc/pic32mx/4.8.3/../../../../pic32mx/lib/mips16\libpic32.a(_mon_write.o)
 .debug_line    0x000008d5        0x0 c:/x32/xc32/v1.42/bin/bin/../../lib/gcc/pic32mx/4.8.3/../../../../pic32mx/lib/mips16\libpic32.a(xc32_uart.o)
 .debug_line    0x000008d5       0x8f c:/x32/xc32/v1.42/bin/bin/../../lib/gcc/pic32mx/4.8.3/../../../../pic32mx/lib/mips16\libpic32.a(_mon_putc.o)
 .debug_line    0x00000964       0x91 c:/x32/xc32/v1.42/bin/bin/../../lib/gcc/pic32mx/4.8.3/../../../../pic32mx/lib/mips16\libe.a(_unorddf2.o)
 .debug_line    0x000009f5      0x13b c:/x32/xc32/v1.42/bin/bin/../../lib/gcc/pic32mx/4.8.3/mips16\libgcc.a(_udivdi3.o)
 .debug_line    0x00000b30      0x138 c:/x32/xc32/v1.42/bin/bin/../../lib/gcc/pic32mx/4.8.3/mips16\libgcc.a(_umoddi3.o)
 .debug_line    0x00000c68       0x92 c:/x32/xc32/v1.42/bin/bin/../../lib/gcc/pic32mx/4.8.3/mips16\libgcc.a(_clz.o)

.debug_frame    0x00000000      0x52c
 *(.debug_frame)
 .debug_frame   0x00000000      0x250 Robot.o
 .debug_frame   0x00000250      0x10c PIC32_LCD.o
 .debug_frame   0x0000035c       0x2c c:/x32/xc32/v1.42/bin/bin/../../lib/gcc/pic32mx/4.8.3/../../../../pic32mx/lib/mips16\libpic32.a(default-bootstrap-exception-handler.o)
 .debug_frame   0x00000388       0x20 c:/x32/xc32/v1.42/bin/bin/../../lib/gcc/pic32mx/4.8.3/../../../../pic32mx/lib/mips16\libpic32.a(default-on-reset.o)
 .debug_frame   0x000003a8       0x20 c:/x32/xc32/v1.42/bin/bin/../../lib/gcc/pic32mx/4.8.3/../../../../pic32mx/lib/mips16\libpic32.a(default-on-bootstrap.o)
 .debug_frame   0x000003c8       0x2c c:/x32/xc32/v1.42/bin/bin/../../lib/gcc/pic32mx/4.8.3/../../../../pic32mx/lib/mips16\libpic32.a(default-general-exception-handler.o)
 .debug_frame   0x000003f4       0x20 c:/x32/xc32/v1.42/bin/bin/../../lib/gcc/pic32mx/4.8.3/../../../../pic32mx/lib/mips16\libpic32.a(defaultinterrupt.o)
 .debug_frame   0x00000414       0x2c c:/x32/xc32/v1.42/bin/bin/../../lib/gcc/pic32mx/4.8.3/../../../../pic32mx/lib/mips16\libm.a(w_powf.o)
 .debug_frame   0x00000440       0x28 c:/x32/xc32/v1.42/bin/bin/../../lib/gcc/pic32mx/4.8.3/../../../../pic32mx/lib/mips16\libpic32.a(_mon_getc.o)
 .debug_frame   0x00000468       0x2c c:/x32/xc32/v1.42/bin/bin/../../lib/gcc/pic32mx/4.8.3/../../../../pic32mx/lib/mips16\libpic32.a(_mon_write.o)
 .debug_frame   0x00000494       0x28 c:/x32/xc32/v1.42/bin/bin/../../lib/gcc/pic32mx/4.8.3/../../../../pic32mx/lib/mips16\libpic32.a(_mon_putc.o)
 .debug_frame   0x000004bc       0x20 c:/x32/xc32/v1.42/bin/bin/../../lib/gcc/pic32mx/4.8.3/../../../../pic32mx/lib/mips16\libe.a(_unorddf2.o)
 .debug_frame   0x000004dc       0x28 c:/x32/xc32/v1.42/bin/bin/../../lib/gcc/pic32mx/4.8.3/mips16\libgcc.a(_udivdi3.o)
 .debug_frame   0x00000504       0x28 c:/x32/xc32/v1.42/bin/bin/../../lib/gcc/pic32mx/4.8.3/mips16\libgcc.a(_umoddi3.o)

.debug_str      0x00000000        0x0
 *(.debug_str)
 .debug_str     0x00000000        0x0 Robot.o
 .debug_str     0x00000000        0x0 PIC32_LCD.o
 .debug_str     0x00000000        0x0 c:/x32/xc32/v1.42/bin/bin/../../lib/gcc/pic32mx/4.8.3/../../../../pic32mx/lib/mips16\libpic32.a(default-bootstrap-exception-handler.o)
 .debug_str     0x00000000        0x0 c:/x32/xc32/v1.42/bin/bin/../../lib/gcc/pic32mx/4.8.3/../../../../pic32mx/lib/mips16\libpic32.a(default-on-reset.o)
 .debug_str     0x00000000        0x0 c:/x32/xc32/v1.42/bin/bin/../../lib/gcc/pic32mx/4.8.3/../../../../pic32mx/lib/mips16\libpic32.a(default-on-bootstrap.o)
 .debug_str     0x00000000        0x0 c:/x32/xc32/v1.42/bin/bin/../../lib/gcc/pic32mx/4.8.3/../../../../pic32mx/lib/mips16\libpic32.a(default-general-exception-handler.o)
 .debug_str     0x00000000        0x0 c:/x32/xc32/v1.42/bin/bin/../../lib/gcc/pic32mx/4.8.3/../../../../pic32mx/lib/mips16\libpic32.a(defaultinterrupt.o)
 .debug_str     0x00000000        0x0 c:/x32/xc32/v1.42/bin/bin/../../lib/gcc/pic32mx/4.8.3/../../../../pic32mx/lib/mips16\libm.a(w_powf.o)
 .debug_str     0x00000000        0x0 c:/x32/xc32/v1.42/bin/bin/../../lib/gcc/pic32mx/4.8.3/../../../../pic32mx/lib/mips16\libm.a(s_lib_ver.o)
 .debug_str     0x00000000        0x0 c:/x32/xc32/v1.42/bin/bin/../../lib/gcc/pic32mx/4.8.3/../../../../pic32mx/lib/mips16\libpic32.a(_mon_getc.o)
 .debug_str     0x00000000        0x0 c:/x32/xc32/v1.42/bin/bin/../../lib/gcc/pic32mx/4.8.3/../../../../pic32mx/lib/mips16\libpic32.a(_mon_write.o)
 .debug_str     0x00000000        0x0 c:/x32/xc32/v1.42/bin/bin/../../lib/gcc/pic32mx/4.8.3/../../../../pic32mx/lib/mips16\libpic32.a(xc32_uart.o)
 .debug_str     0x00000000        0x0 c:/x32/xc32/v1.42/bin/bin/../../lib/gcc/pic32mx/4.8.3/../../../../pic32mx/lib/mips16\libpic32.a(_mon_putc.o)
 .debug_str     0x00000000        0x0 c:/x32/xc32/v1.42/bin/bin/../../lib/gcc/pic32mx/4.8.3/../../../../pic32mx/lib/mips16\libe.a(_unorddf2.o)
 .debug_str     0x00000000        0x0 c:/x32/xc32/v1.42/bin/bin/../../lib/gcc/pic32mx/4.8.3/mips16\libgcc.a(_udivdi3.o)
 .debug_str     0x00000000        0x0 c:/x32/xc32/v1.42/bin/bin/../../lib/gcc/pic32mx/4.8.3/mips16\libgcc.a(_umoddi3.o)
 .debug_str     0x00000000        0x0 c:/x32/xc32/v1.42/bin/bin/../../lib/gcc/pic32mx/4.8.3/mips16\libgcc.a(_clz.o)

.debug_loc      0x00000000     0x1bcb
 *(.debug_loc)
 .debug_loc     0x00000000      0xe8e c:/x32/xc32/v1.42/bin/bin/../../lib/gcc/pic32mx/4.8.3/mips16\libgcc.a(_udivdi3.o)
 .debug_loc     0x00000e8e      0xd3d c:/x32/xc32/v1.42/bin/bin/../../lib/gcc/pic32mx/4.8.3/mips16\libgcc.a(_umoddi3.o)

.debug_macinfo
 *(.debug_macinfo)

.debug_weaknames
 *(.debug_weaknames)

.debug_funcnames
 *(.debug_funcnames)

.debug_typenames
 *(.debug_typenames)

.debug_varnames
 *(.debug_varnames)

.debug_pubtypes
 *(.debug_pubtypes)

.debug_ranges   0x00000000      0x2c8
 *(.debug_ranges)
 .debug_ranges  0x00000000       0x10 c:/x32/xc32/v1.42/bin/bin/../../lib/gcc/pic32mx/4.8.3/../../../../pic32mx/lib/mips16\libpic32.a(default-bootstrap-exception-handler.o)
 .debug_ranges  0x00000010       0x10 c:/x32/xc32/v1.42/bin/bin/../../lib/gcc/pic32mx/4.8.3/../../../../pic32mx/lib/mips16\libpic32.a(default-on-reset.o)
 .debug_ranges  0x00000020       0x10 c:/x32/xc32/v1.42/bin/bin/../../lib/gcc/pic32mx/4.8.3/../../../../pic32mx/lib/mips16\libpic32.a(default-on-bootstrap.o)
 .debug_ranges  0x00000030       0x10 c:/x32/xc32/v1.42/bin/bin/../../lib/gcc/pic32mx/4.8.3/../../../../pic32mx/lib/mips16\libpic32.a(default-general-exception-handler.o)
 .debug_ranges  0x00000040       0x10 c:/x32/xc32/v1.42/bin/bin/../../lib/gcc/pic32mx/4.8.3/../../../../pic32mx/lib/mips16\libpic32.a(defaultinterrupt.o)
 .debug_ranges  0x00000050       0x10 c:/x32/xc32/v1.42/bin/bin/../../lib/gcc/pic32mx/4.8.3/../../../../pic32mx/lib/mips16\libm.a(w_powf.o)
 .debug_ranges  0x00000060       0x10 c:/x32/xc32/v1.42/bin/bin/../../lib/gcc/pic32mx/4.8.3/../../../../pic32mx/lib/mips16\libpic32.a(_mon_getc.o)
 .debug_ranges  0x00000070       0x10 c:/x32/xc32/v1.42/bin/bin/../../lib/gcc/pic32mx/4.8.3/../../../../pic32mx/lib/mips16\libpic32.a(_mon_write.o)
 .debug_ranges  0x00000080       0x10 c:/x32/xc32/v1.42/bin/bin/../../lib/gcc/pic32mx/4.8.3/../../../../pic32mx/lib/mips16\libpic32.a(_mon_putc.o)
 .debug_ranges  0x00000090       0x10 c:/x32/xc32/v1.42/bin/bin/../../lib/gcc/pic32mx/4.8.3/../../../../pic32mx/lib/mips16\libe.a(_unorddf2.o)
 .debug_ranges  0x000000a0      0x128 c:/x32/xc32/v1.42/bin/bin/../../lib/gcc/pic32mx/4.8.3/mips16\libgcc.a(_udivdi3.o)
 .debug_ranges  0x000001c8      0x100 c:/x32/xc32/v1.42/bin/bin/../../lib/gcc/pic32mx/4.8.3/mips16\libgcc.a(_umoddi3.o)

.gnu.attributes
                0x00000000       0x10
 *(.gnu.attributes)
 .gnu.attributes
                0x00000000       0x10 Robot.o
 .gnu.attributes
                0x00000010       0x10 PIC32_LCD.o
 .gnu.attributes
                0x00000020       0x10 c:/x32/xc32/v1.42/bin/bin/../../lib/gcc/pic32mx/4.8.3/../../../../pic32mx/lib/mips16\libpic32.a(default-bootstrap-exception-handler.o)
 .gnu.attributes
                0x00000030       0x10 c:/x32/xc32/v1.42/bin/bin/../../lib/gcc/pic32mx/4.8.3/../../../../pic32mx/lib/mips16\libpic32.a(default-on-reset.o)
 .gnu.attributes
                0x00000040       0x10 c:/x32/xc32/v1.42/bin/bin/../../lib/gcc/pic32mx/4.8.3/../../../../pic32mx/lib/mips16\libpic32.a(default-on-bootstrap.o)
 .gnu.attributes
                0x00000050       0x10 c:/x32/xc32/v1.42/bin/bin/../../lib/gcc/pic32mx/4.8.3/../../../../pic32mx/lib/mips16\libpic32.a(default-general-exception-handler.o)
 .gnu.attributes
                0x00000060       0x10 c:/x32/xc32/v1.42/bin/bin/../../lib/gcc/pic32mx/4.8.3/../../../../pic32mx/lib/mips16\libpic32.a(defaultinterrupt.o)
 .gnu.attributes
                0x00000070       0x10 c:/x32/xc32/v1.42/bin/bin/../../lib/gcc/pic32mx/4.8.3/../../../../pic32mx/lib/mips16\libm.a(w_powf.o)
 .gnu.attributes
                0x00000080       0x10 c:/x32/xc32/v1.42/bin/bin/../../lib/gcc/pic32mx/4.8.3/../../../../pic32mx/lib/mips16\libm.a(s_lib_ver.o)
 .gnu.attributes
                0x00000090       0x10 c:/x32/xc32/v1.42/bin/bin/../../lib/gcc/pic32mx/4.8.3/../../../../pic32mx/lib/mips16\liblega-c.a(errno.o)
 .gnu.attributes
                0x000000a0       0x10 c:/x32/xc32/v1.42/bin/bin/../../lib/gcc/pic32mx/4.8.3/../../../../pic32mx/lib/mips16\liblega-c.a(isinf.o)
 .gnu.attributes
                0x000000b0       0x10 c:/x32/xc32/v1.42/bin/bin/../../lib/gcc/pic32mx/4.8.3/../../../../pic32mx/lib/mips16\liblega-c.a(sprintf_cdfFnopuxX.eo)
 .gnu.attributes
                0x000000c0       0x10 c:/x32/xc32/v1.42/bin/bin/../../lib/gcc/pic32mx/4.8.3/../../../../pic32mx/lib/mips16\liblega-c.a(_doprnt_cdfFnopuxX.eo)
 .gnu.attributes
                0x000000d0       0x10 c:/x32/xc32/v1.42/bin/bin/../../lib/gcc/pic32mx/4.8.3/../../../../pic32mx/lib/mips16\liblega-c.a(_iobdata.o)
 .gnu.attributes
                0x000000e0       0x10 c:/x32/xc32/v1.42/bin/bin/../../lib/gcc/pic32mx/4.8.3/../../../../pic32mx/lib/mips16\liblega-c.a(_iobfuncs.o)
 .gnu.attributes
                0x000000f0       0x10 c:/x32/xc32/v1.42/bin/bin/../../lib/gcc/pic32mx/4.8.3/../../../../pic32mx/lib/mips16\liblega-c.a(_iobstring.o)
 .gnu.attributes
                0x00000100       0x10 c:/x32/xc32/v1.42/bin/bin/../../lib/gcc/pic32mx/4.8.3/../../../../pic32mx/lib/mips16\liblega-c.a(fputc.o)
 .gnu.attributes
                0x00000110       0x10 c:/x32/xc32/v1.42/bin/bin/../../lib/gcc/pic32mx/4.8.3/../../../../pic32mx/lib/mips16\liblega-c.a(strlen.o)
 .gnu.attributes
                0x00000120       0x10 c:/x32/xc32/v1.42/bin/bin/../../lib/gcc/pic32mx/4.8.3/../../../../pic32mx/lib/mips16\libpic32.a(_mon_getc.o)
 .gnu.attributes
                0x00000130       0x10 c:/x32/xc32/v1.42/bin/bin/../../lib/gcc/pic32mx/4.8.3/../../../../pic32mx/lib/mips16\libpic32.a(_mon_write.o)
 .gnu.attributes
                0x00000140       0x10 c:/x32/xc32/v1.42/bin/bin/../../lib/gcc/pic32mx/4.8.3/../../../../pic32mx/lib/mips16\libpic32.a(xc32_uart.o)
 .gnu.attributes
                0x00000150       0x10 c:/x32/xc32/v1.42/bin/bin/../../lib/gcc/pic32mx/4.8.3/../../../../pic32mx/lib/mips16\libpic32.a(_mon_putc.o)
 .gnu.attributes
                0x00000160       0x10 c:/x32/xc32/v1.42/bin/bin/../../lib/gcc/pic32mx/4.8.3/../../../../pic32mx/lib/mips16\libe.a(_unorddf2.o)
 .gnu.attributes
                0x00000170       0x10 c:/x32/xc32/v1.42/bin/bin/../../lib/gcc/pic32mx/4.8.3/mips16\libgcc.a(_udivdi3.o)
 .gnu.attributes
                0x00000180       0x10 c:/x32/xc32/v1.42/bin/bin/../../lib/gcc/pic32mx/4.8.3/mips16\libgcc.a(_umoddi3.o)
 .gnu.attributes
                0x00000190       0x10 c:/x32/xc32/v1.42/bin/bin/../../lib/gcc/pic32mx/4.8.3/mips16\libgcc.a(_clz.o)
LOAD c:/x32/xc32/v1.42/bin/bin/../../lib/gcc/pic32mx/4.8.3/mips16\libgcc.a
START GROUP
LOAD c:/x32/xc32/v1.42/bin/bin/../../lib/gcc/pic32mx/4.8.3/../../../../pic32mx/lib/mips16\libpic32.a
LOAD c:/x32/xc32/v1.42/bin/bin/../../lib/gcc/pic32mx/4.8.3/../../../../pic32mx/lib/mips16\libdebug.a
LOAD c:/x32/xc32/v1.42/bin/bin/../../lib/gcc/pic32mx/4.8.3/../../../../pic32mx/lib/mips16\libpic32.a
LOAD c:/x32/xc32/v1.42/bin/bin/../../lib/gcc/pic32mx/4.8.3/../../../../pic32mx/lib/mips16\libm.a
LOAD c:/x32/xc32/v1.42/bin/bin/../../lib/gcc/pic32mx/4.8.3/../../../../pic32mx/lib/mips16\libe.a
LOAD c:/x32/xc32/v1.42/bin/bin/../../lib/gcc/pic32mx/4.8.3/../../../../pic32mx/lib/mips16\libdsp.a
LOAD c:/x32/xc32/v1.42/bin/bin/../../lib/gcc/pic32mx/4.8.3/mips16\libgcc.a
LOAD c:/x32/xc32/v1.42/bin/bin/../../lib/gcc/pic32mx/4.8.3/../../../../pic32mx/lib/mips16\liblega-c.a
LOAD c:/x32/xc32/v1.42/bin/bin/../../lib/gcc/pic32mx/4.8.3/../../../../pic32mx/lib/mips16\libpic32.a
END GROUP
LOAD c:/x32/xc32/v1.42/bin/bin/../../lib/gcc/pic32mx/4.8.3/mips16\libgcc.a
OUTPUT(Robot.elf elf32-tradlittlemips)
LOAD stack
LOAD data_init

.reginfo        0x00000000       0x18
 .reginfo       0x00000000       0x18 c:/x32/xc32/v1.42/bin/bin/../../lib/gcc/pic32mx/4.8.3/../../../../pic32mx/lib/./proc/32MX130F064B/crt0_mips32r2.o

.stack          0xa0000290      0x400
 .stack         0xa0000290      0x400 stack

.data           0xa0000058      0x160
 .data          0xa0000058       0xd4 c:/x32/xc32/v1.42/bin/bin/../../lib/gcc/pic32mx/4.8.3/../../../../pic32mx/lib/mips16\liblega-c.a(_iobdata.o)
 .data          0xa000012c       0x8c c:/x32/xc32/v1.42/bin/bin/../../lib/gcc/pic32mx/4.8.3/../../../../pic32mx/lib/mips16\libm.a(fpexlog.o)

.bss            0xa00001b8       0x88
 .bss           0xa00001b8       0x88 c:/x32/xc32/v1.42/bin/bin/../../lib/gcc/pic32mx/4.8.3/../../../../pic32mx/lib/mips16\liblega-c.a(_iobdata.o)

.data           0xa0000240       0x1c
 .data          0xa0000240       0x1c c:/x32/xc32/v1.42/bin/bin/../../lib/gcc/pic32mx/4.8.3/../../../../pic32mx/lib/mips16\libm.a(fpexp32.o)

.data.math_errhandling_flag
                0xa000025c        0x4
 .data.math_errhandling_flag
                0xa000025c        0x4 c:/x32/xc32/v1.42/bin/bin/../../lib/gcc/pic32mx/4.8.3/../../../../pic32mx/lib/mips16\libm.a(s_lib_ver.o)
                0xa000025c                math_errhandling

.bss            0x00000000        0x0
 .bss           0x00000000        0x0 c:/x32/xc32/v1.42/bin/bin/../../lib/gcc/pic32mx/4.8.3/mips16\libgcc.a(_clz.o)

.data           0x00000000        0x0
 .data          0x00000000        0x0 c:/x32/xc32/v1.42/bin/bin/../../lib/gcc/pic32mx/4.8.3/mips16\libgcc.a(_clz.o)

.bss            0x00000000        0x0
 .bss           0x00000000        0x0 c:/x32/xc32/v1.42/bin/bin/../../lib/gcc/pic32mx/4.8.3/mips16\libgcc.a(_umoddi3.o)

.data           0x00000000        0x0
 .data          0x00000000        0x0 c:/x32/xc32/v1.42/bin/bin/../../lib/gcc/pic32mx/4.8.3/mips16\libgcc.a(_umoddi3.o)

.bss            0x00000000        0x0
 .bss           0x00000000        0x0 c:/x32/xc32/v1.42/bin/bin/../../lib/gcc/pic32mx/4.8.3/mips16\libgcc.a(_udivdi3.o)

.data           0x00000000        0x0
 .data          0x00000000        0x0 c:/x32/xc32/v1.42/bin/bin/../../lib/gcc/pic32mx/4.8.3/mips16\libgcc.a(_udivdi3.o)

.bss            0x00000000        0x0
 .bss           0x00000000        0x0 c:/x32/xc32/v1.42/bin/bin/../../lib/gcc/pic32mx/4.8.3/../../../../pic32mx/lib/mips16\libe.a(_unorddf2.o)

.data           0x00000000        0x0
 .data          0x00000000        0x0 c:/x32/xc32/v1.42/bin/bin/../../lib/gcc/pic32mx/4.8.3/../../../../pic32mx/lib/mips16\libe.a(_unorddf2.o)

.bss            0x00000000        0x0
 .bss           0x00000000        0x0 c:/x32/xc32/v1.42/bin/bin/../../lib/gcc/pic32mx/4.8.3/../../../../pic32mx/lib/mips16\libm.a(fptoli.o)

.data           0x00000000        0x0
 .data          0x00000000        0x0 c:/x32/xc32/v1.42/bin/bin/../../lib/gcc/pic32mx/4.8.3/../../../../pic32mx/lib/mips16\libm.a(fptoli.o)

.bss            0x00000000        0x0
 .bss           0x00000000        0x0 c:/x32/xc32/v1.42/bin/bin/../../lib/gcc/pic32mx/4.8.3/../../../../pic32mx/lib/mips16\libm.a(dpcmp.o)

.data           0x00000000        0x0
 .data          0x00000000        0x0 c:/x32/xc32/v1.42/bin/bin/../../lib/gcc/pic32mx/4.8.3/../../../../pic32mx/lib/mips16\libm.a(dpcmp.o)

.bss            0x00000000        0x0
 .bss           0x00000000        0x0 c:/x32/xc32/v1.42/bin/bin/../../lib/gcc/pic32mx/4.8.3/../../../../pic32mx/lib/mips16\libpic32.a(_mon_putc.o)

.data           0x00000000        0x0
 .data          0x00000000        0x0 c:/x32/xc32/v1.42/bin/bin/../../lib/gcc/pic32mx/4.8.3/../../../../pic32mx/lib/mips16\libpic32.a(_mon_putc.o)

.bss            0x00000000        0x0
 .bss           0x00000000        0x0 c:/x32/xc32/v1.42/bin/bin/../../lib/gcc/pic32mx/4.8.3/../../../../pic32mx/lib/mips16\libpic32.a(xc32_uart.o)

.data           0x00000000        0x0
 .data          0x00000000        0x0 c:/x32/xc32/v1.42/bin/bin/../../lib/gcc/pic32mx/4.8.3/../../../../pic32mx/lib/mips16\libpic32.a(xc32_uart.o)

.bss            0x00000000        0x0
 .bss           0x00000000        0x0 c:/x32/xc32/v1.42/bin/bin/../../lib/gcc/pic32mx/4.8.3/../../../../pic32mx/lib/mips16\libpic32.a(_mon_write.o)

.data           0x00000000        0x0
 .data          0x00000000        0x0 c:/x32/xc32/v1.42/bin/bin/../../lib/gcc/pic32mx/4.8.3/../../../../pic32mx/lib/mips16\libpic32.a(_mon_write.o)

.bss            0x00000000        0x0
 .bss           0x00000000        0x0 c:/x32/xc32/v1.42/bin/bin/../../lib/gcc/pic32mx/4.8.3/../../../../pic32mx/lib/mips16\libpic32.a(_mon_getc.o)

.data           0x00000000        0x0
 .data          0x00000000        0x0 c:/x32/xc32/v1.42/bin/bin/../../lib/gcc/pic32mx/4.8.3/../../../../pic32mx/lib/mips16\libpic32.a(_mon_getc.o)

.bss            0x00000000        0x0
 .bss           0x00000000        0x0 c:/x32/xc32/v1.42/bin/bin/../../lib/gcc/pic32mx/4.8.3/../../../../pic32mx/lib/mips16\liblega-c.a(strlen.o)

.data           0x00000000        0x0
 .data          0x00000000        0x0 c:/x32/xc32/v1.42/bin/bin/../../lib/gcc/pic32mx/4.8.3/../../../../pic32mx/lib/mips16\liblega-c.a(strlen.o)

.bss            0x00000000        0x0
 .bss           0x00000000        0x0 c:/x32/xc32/v1.42/bin/bin/../../lib/gcc/pic32mx/4.8.3/../../../../pic32mx/lib/mips16\liblega-c.a(fputc.o)

.data           0x00000000        0x0
 .data          0x00000000        0x0 c:/x32/xc32/v1.42/bin/bin/../../lib/gcc/pic32mx/4.8.3/../../../../pic32mx/lib/mips16\liblega-c.a(fputc.o)

.bss            0x00000000        0x0
 .bss           0x00000000        0x0 c:/x32/xc32/v1.42/bin/bin/../../lib/gcc/pic32mx/4.8.3/../../../../pic32mx/lib/mips16\liblega-c.a(_iobstring.o)

.data           0x00000000        0x0
 .data          0x00000000        0x0 c:/x32/xc32/v1.42/bin/bin/../../lib/gcc/pic32mx/4.8.3/../../../../pic32mx/lib/mips16\liblega-c.a(_iobstring.o)

.bss            0x00000000        0x0
 .bss           0x00000000        0x0 c:/x32/xc32/v1.42/bin/bin/../../lib/gcc/pic32mx/4.8.3/../../../../pic32mx/lib/mips16\liblega-c.a(_iobfuncs.o)

.data           0x00000000        0x0
 .data          0x00000000        0x0 c:/x32/xc32/v1.42/bin/bin/../../lib/gcc/pic32mx/4.8.3/../../../../pic32mx/lib/mips16\liblega-c.a(_iobfuncs.o)

.bss            0x00000000        0x0
 .bss           0x00000000        0x0 c:/x32/xc32/v1.42/bin/bin/../../lib/gcc/pic32mx/4.8.3/../../../../pic32mx/lib/mips16\liblega-c.a(_doprnt_cdfFnopuxX.eo)

.data           0x00000000        0x0
 .data          0x00000000        0x0 c:/x32/xc32/v1.42/bin/bin/../../lib/gcc/pic32mx/4.8.3/../../../../pic32mx/lib/mips16\liblega-c.a(_doprnt_cdfFnopuxX.eo)

.bss            0x00000000        0x0
 .bss           0x00000000        0x0 c:/x32/xc32/v1.42/bin/bin/../../lib/gcc/pic32mx/4.8.3/../../../../pic32mx/lib/mips16\liblega-c.a(sprintf_cdfFnopuxX.eo)

.data           0x00000000        0x0
 .data          0x00000000        0x0 c:/x32/xc32/v1.42/bin/bin/../../lib/gcc/pic32mx/4.8.3/../../../../pic32mx/lib/mips16\liblega-c.a(sprintf_cdfFnopuxX.eo)

.bss            0x00000000        0x0
 .bss           0x00000000        0x0 c:/x32/xc32/v1.42/bin/bin/../../lib/gcc/pic32mx/4.8.3/../../../../pic32mx/lib/mips16\liblega-c.a(isinf.o)

.data           0x00000000        0x0
 .data          0x00000000        0x0 c:/x32/xc32/v1.42/bin/bin/../../lib/gcc/pic32mx/4.8.3/../../../../pic32mx/lib/mips16\liblega-c.a(isinf.o)

.bss            0x00000000        0x0
 .bss           0x00000000        0x0 c:/x32/xc32/v1.42/bin/bin/../../lib/gcc/pic32mx/4.8.3/../../../../pic32mx/lib/mips16\liblega-c.a(errno.o)

.data           0x00000000        0x0
 .data          0x00000000        0x0 c:/x32/xc32/v1.42/bin/bin/../../lib/gcc/pic32mx/4.8.3/../../../../pic32mx/lib/mips16\liblega-c.a(errno.o)

.bss            0x00000000        0x0
 .bss           0x00000000        0x0 c:/x32/xc32/v1.42/bin/bin/../../lib/gcc/pic32mx/4.8.3/../../../../pic32mx/lib/mips16\libm.a(fpexp32.o)

.bss            0x00000000        0x0
 .bss           0x00000000        0x0 c:/x32/xc32/v1.42/bin/bin/../../lib/gcc/pic32mx/4.8.3/../../../../pic32mx/lib/mips16\libm.a(fpexlog.o)

.bss            0x00000000        0x0
 .bss           0x00000000        0x0 c:/x32/xc32/v1.42/bin/bin/../../lib/gcc/pic32mx/4.8.3/../../../../pic32mx/lib/mips16\libm.a(s_lib_ver.o)

.data           0x00000000        0x0
 .data          0x00000000        0x0 c:/x32/xc32/v1.42/bin/bin/../../lib/gcc/pic32mx/4.8.3/../../../../pic32mx/lib/mips16\libm.a(s_lib_ver.o)

.bss            0x00000000        0x0
 .bss           0x00000000        0x0 c:/x32/xc32/v1.42/bin/bin/../../lib/gcc/pic32mx/4.8.3/../../../../pic32mx/lib/mips16\libm.a(fptodp.o)

.data           0x00000000        0x0
 .data          0x00000000        0x0 c:/x32/xc32/v1.42/bin/bin/../../lib/gcc/pic32mx/4.8.3/../../../../pic32mx/lib/mips16\libm.a(fptodp.o)

.bss            0x00000000        0x0
 .bss           0x00000000        0x0 c:/x32/xc32/v1.42/bin/bin/../../lib/gcc/pic32mx/4.8.3/../../../../pic32mx/lib/mips16\libm.a(fppow32.o)

.data           0x00000000        0x0
 .data          0x00000000        0x0 c:/x32/xc32/v1.42/bin/bin/../../lib/gcc/pic32mx/4.8.3/../../../../pic32mx/lib/mips16\libm.a(fppow32.o)

.bss            0x00000000        0x0
 .bss           0x00000000        0x0 c:/x32/xc32/v1.42/bin/bin/../../lib/gcc/pic32mx/4.8.3/../../../../pic32mx/lib/mips16\libm.a(fpmodf.o)

.data           0x00000000        0x0
 .data          0x00000000        0x0 c:/x32/xc32/v1.42/bin/bin/../../lib/gcc/pic32mx/4.8.3/../../../../pic32mx/lib/mips16\libm.a(fpmodf.o)

.bss            0x00000000        0x0
 .bss           0x00000000        0x0 c:/x32/xc32/v1.42/bin/bin/../../lib/gcc/pic32mx/4.8.3/../../../../pic32mx/lib/mips16\libm.a(dptofp.o)

.data           0x00000000        0x0
 .data          0x00000000        0x0 c:/x32/xc32/v1.42/bin/bin/../../lib/gcc/pic32mx/4.8.3/../../../../pic32mx/lib/mips16\libm.a(dptofp.o)

.bss            0x00000000        0x0
 .bss           0x00000000        0x0 c:/x32/xc32/v1.42/bin/bin/../../lib/gcc/pic32mx/4.8.3/../../../../pic32mx/lib/mips16\libm.a(w_powf.o)

.data           0x00000000        0x0
 .data          0x00000000        0x0 c:/x32/xc32/v1.42/bin/bin/../../lib/gcc/pic32mx/4.8.3/../../../../pic32mx/lib/mips16\libm.a(w_powf.o)

.bss            0x00000000        0x0
 .bss           0x00000000        0x0 c:/x32/xc32/v1.42/bin/bin/../../lib/gcc/pic32mx/4.8.3/../../../../pic32mx/lib/mips16\libm.a(sitofp.o)

.data           0x00000000        0x0
 .data          0x00000000        0x0 c:/x32/xc32/v1.42/bin/bin/../../lib/gcc/pic32mx/4.8.3/../../../../pic32mx/lib/mips16\libm.a(sitofp.o)

.bss            0x00000000        0x0
 .bss           0x00000000        0x0 c:/x32/xc32/v1.42/bin/bin/../../lib/gcc/pic32mx/4.8.3/../../../../pic32mx/lib/mips16\libm.a(fptoul.o)

.data           0x00000000        0x0
 .data          0x00000000        0x0 c:/x32/xc32/v1.42/bin/bin/../../lib/gcc/pic32mx/4.8.3/../../../../pic32mx/lib/mips16\libm.a(fptoul.o)

.bss            0x00000000        0x0
 .bss           0x00000000        0x0 c:/x32/xc32/v1.42/bin/bin/../../lib/gcc/pic32mx/4.8.3/../../../../pic32mx/lib/mips16\libm.a(fpcmp.o)

.data           0x00000000        0x0
 .data          0x00000000        0x0 c:/x32/xc32/v1.42/bin/bin/../../lib/gcc/pic32mx/4.8.3/../../../../pic32mx/lib/mips16\libm.a(fpcmp.o)

.bss            0x00000000        0x0
 .bss           0x00000000        0x0 c:/x32/xc32/v1.42/bin/bin/../../lib/gcc/pic32mx/4.8.3/../../../../pic32mx/lib/mips16\libm.a(fp32subadd.o)

.data           0x00000000        0x0
 .data          0x00000000        0x0 c:/x32/xc32/v1.42/bin/bin/../../lib/gcc/pic32mx/4.8.3/../../../../pic32mx/lib/mips16\libm.a(fp32subadd.o)

.bss            0x00000000        0x0
 .bss           0x00000000        0x0 c:/x32/xc32/v1.42/bin/bin/../../lib/gcc/pic32mx/4.8.3/../../../../pic32mx/lib/mips16\libm.a(fp32mul.o)

.data           0x00000000        0x0
 .data          0x00000000        0x0 c:/x32/xc32/v1.42/bin/bin/../../lib/gcc/pic32mx/4.8.3/../../../../pic32mx/lib/mips16\libm.a(fp32mul.o)

.bss            0x00000000        0x0
 .bss           0x00000000        0x0 c:/x32/xc32/v1.42/bin/bin/../../lib/gcc/pic32mx/4.8.3/../../../../pic32mx/lib/mips16\libm.a(fp32div.o)

.data           0x00000000        0x0
 .data          0x00000000        0x0 c:/x32/xc32/v1.42/bin/bin/../../lib/gcc/pic32mx/4.8.3/../../../../pic32mx/lib/mips16\libm.a(fp32div.o)

.bss            0x00000000        0x0
 .bss           0x00000000        0x0 c:/x32/xc32/v1.42/bin/bin/../../lib/gcc/pic32mx/4.8.3/../../../../pic32mx/lib/mips16\libpic32.a(defaultinterrupt.o)

.data           0x00000000        0x0
 .data          0x00000000        0x0 c:/x32/xc32/v1.42/bin/bin/../../lib/gcc/pic32mx/4.8.3/../../../../pic32mx/lib/mips16\libpic32.a(defaultinterrupt.o)

.bss            0x00000000        0x0
 .bss           0x00000000        0x0 c:/x32/xc32/v1.42/bin/bin/../../lib/gcc/pic32mx/4.8.3/../../../../pic32mx/lib/mips16\libpic32.a(default-general-exception-handler.o)

.data           0x00000000        0x0
 .data          0x00000000        0x0 c:/x32/xc32/v1.42/bin/bin/../../lib/gcc/pic32mx/4.8.3/../../../../pic32mx/lib/mips16\libpic32.a(default-general-exception-handler.o)

.bss            0x00000000        0x0
 .bss           0x00000000        0x0 c:/x32/xc32/v1.42/bin/bin/../../lib/gcc/pic32mx/4.8.3/../../../../pic32mx/lib/mips16\libpic32.a(vector43.o)

.data           0x00000000        0x0
 .data          0x00000000        0x0 c:/x32/xc32/v1.42/bin/bin/../../lib/gcc/pic32mx/4.8.3/../../../../pic32mx/lib/mips16\libpic32.a(vector43.o)

.bss            0x00000000        0x0
 .bss           0x00000000        0x0 c:/x32/xc32/v1.42/bin/bin/../../lib/gcc/pic32mx/4.8.3/../../../../pic32mx/lib/mips16\libpic32.a(vector42.o)

.data           0x00000000        0x0
 .data          0x00000000        0x0 c:/x32/xc32/v1.42/bin/bin/../../lib/gcc/pic32mx/4.8.3/../../../../pic32mx/lib/mips16\libpic32.a(vector42.o)

.bss            0x00000000        0x0
 .bss           0x00000000        0x0 c:/x32/xc32/v1.42/bin/bin/../../lib/gcc/pic32mx/4.8.3/../../../../pic32mx/lib/mips16\libpic32.a(vector41.o)

.data           0x00000000        0x0
 .data          0x00000000        0x0 c:/x32/xc32/v1.42/bin/bin/../../lib/gcc/pic32mx/4.8.3/../../../../pic32mx/lib/mips16\libpic32.a(vector41.o)

.bss            0x00000000        0x0
 .bss           0x00000000        0x0 c:/x32/xc32/v1.42/bin/bin/../../lib/gcc/pic32mx/4.8.3/../../../../pic32mx/lib/mips16\libpic32.a(vector40.o)

.data           0x00000000        0x0
 .data          0x00000000        0x0 c:/x32/xc32/v1.42/bin/bin/../../lib/gcc/pic32mx/4.8.3/../../../../pic32mx/lib/mips16\libpic32.a(vector40.o)

.bss            0x00000000        0x0
 .bss           0x00000000        0x0 c:/x32/xc32/v1.42/bin/bin/../../lib/gcc/pic32mx/4.8.3/../../../../pic32mx/lib/mips16\libpic32.a(vector39.o)

.data           0x00000000        0x0
 .data          0x00000000        0x0 c:/x32/xc32/v1.42/bin/bin/../../lib/gcc/pic32mx/4.8.3/../../../../pic32mx/lib/mips16\libpic32.a(vector39.o)

.bss            0x00000000        0x0
 .bss           0x00000000        0x0 c:/x32/xc32/v1.42/bin/bin/../../lib/gcc/pic32mx/4.8.3/../../../../pic32mx/lib/mips16\libpic32.a(vector38.o)

.data           0x00000000        0x0
 .data          0x00000000        0x0 c:/x32/xc32/v1.42/bin/bin/../../lib/gcc/pic32mx/4.8.3/../../../../pic32mx/lib/mips16\libpic32.a(vector38.o)

.bss            0x00000000        0x0
 .bss           0x00000000        0x0 c:/x32/xc32/v1.42/bin/bin/../../lib/gcc/pic32mx/4.8.3/../../../../pic32mx/lib/mips16\libpic32.a(vector36.o)

.data           0x00000000        0x0
 .data          0x00000000        0x0 c:/x32/xc32/v1.42/bin/bin/../../lib/gcc/pic32mx/4.8.3/../../../../pic32mx/lib/mips16\libpic32.a(vector36.o)

.bss            0x00000000        0x0
 .bss           0x00000000        0x0 c:/x32/xc32/v1.42/bin/bin/../../lib/gcc/pic32mx/4.8.3/../../../../pic32mx/lib/mips16\libpic32.a(vector35.o)

.data           0x00000000        0x0
 .data          0x00000000        0x0 c:/x32/xc32/v1.42/bin/bin/../../lib/gcc/pic32mx/4.8.3/../../../../pic32mx/lib/mips16\libpic32.a(vector35.o)

.bss            0x00000000        0x0
 .bss           0x00000000        0x0 c:/x32/xc32/v1.42/bin/bin/../../lib/gcc/pic32mx/4.8.3/../../../../pic32mx/lib/mips16\libpic32.a(vector34.o)

.data           0x00000000        0x0
 .data          0x00000000        0x0 c:/x32/xc32/v1.42/bin/bin/../../lib/gcc/pic32mx/4.8.3/../../../../pic32mx/lib/mips16\libpic32.a(vector34.o)

.bss            0x00000000        0x0
 .bss           0x00000000        0x0 c:/x32/xc32/v1.42/bin/bin/../../lib/gcc/pic32mx/4.8.3/../../../../pic32mx/lib/mips16\libpic32.a(vector33.o)

.data           0x00000000        0x0
 .data          0x00000000        0x0 c:/x32/xc32/v1.42/bin/bin/../../lib/gcc/pic32mx/4.8.3/../../../../pic32mx/lib/mips16\libpic32.a(vector33.o)

.bss            0x00000000        0x0
 .bss           0x00000000        0x0 c:/x32/xc32/v1.42/bin/bin/../../lib/gcc/pic32mx/4.8.3/../../../../pic32mx/lib/mips16\libpic32.a(vector32.o)

.data           0x00000000        0x0
 .data          0x00000000        0x0 c:/x32/xc32/v1.42/bin/bin/../../lib/gcc/pic32mx/4.8.3/../../../../pic32mx/lib/mips16\libpic32.a(vector32.o)

.bss            0x00000000        0x0
 .bss           0x00000000        0x0 c:/x32/xc32/v1.42/bin/bin/../../lib/gcc/pic32mx/4.8.3/../../../../pic32mx/lib/mips16\libpic32.a(vector31.o)

.data           0x00000000        0x0
 .data          0x00000000        0x0 c:/x32/xc32/v1.42/bin/bin/../../lib/gcc/pic32mx/4.8.3/../../../../pic32mx/lib/mips16\libpic32.a(vector31.o)

.bss            0x00000000        0x0
 .bss           0x00000000        0x0 c:/x32/xc32/v1.42/bin/bin/../../lib/gcc/pic32mx/4.8.3/../../../../pic32mx/lib/mips16\libpic32.a(vector30.o)

.data           0x00000000        0x0
 .data          0x00000000        0x0 c:/x32/xc32/v1.42/bin/bin/../../lib/gcc/pic32mx/4.8.3/../../../../pic32mx/lib/mips16\libpic32.a(vector30.o)

.bss            0x00000000        0x0
 .bss           0x00000000        0x0 c:/x32/xc32/v1.42/bin/bin/../../lib/gcc/pic32mx/4.8.3/../../../../pic32mx/lib/mips16\libpic32.a(vector29.o)

.data           0x00000000        0x0
 .data          0x00000000        0x0 c:/x32/xc32/v1.42/bin/bin/../../lib/gcc/pic32mx/4.8.3/../../../../pic32mx/lib/mips16\libpic32.a(vector29.o)

.bss            0x00000000        0x0
 .bss           0x00000000        0x0 c:/x32/xc32/v1.42/bin/bin/../../lib/gcc/pic32mx/4.8.3/../../../../pic32mx/lib/mips16\libpic32.a(vector28.o)

.data           0x00000000        0x0
 .data          0x00000000        0x0 c:/x32/xc32/v1.42/bin/bin/../../lib/gcc/pic32mx/4.8.3/../../../../pic32mx/lib/mips16\libpic32.a(vector28.o)

.bss            0x00000000        0x0
 .bss           0x00000000        0x0 c:/x32/xc32/v1.42/bin/bin/../../lib/gcc/pic32mx/4.8.3/../../../../pic32mx/lib/mips16\libpic32.a(vector27.o)

.data           0x00000000        0x0
 .data          0x00000000        0x0 c:/x32/xc32/v1.42/bin/bin/../../lib/gcc/pic32mx/4.8.3/../../../../pic32mx/lib/mips16\libpic32.a(vector27.o)

.bss            0x00000000        0x0
 .bss           0x00000000        0x0 c:/x32/xc32/v1.42/bin/bin/../../lib/gcc/pic32mx/4.8.3/../../../../pic32mx/lib/mips16\libpic32.a(vector26.o)

.data           0x00000000        0x0
 .data          0x00000000        0x0 c:/x32/xc32/v1.42/bin/bin/../../lib/gcc/pic32mx/4.8.3/../../../../pic32mx/lib/mips16\libpic32.a(vector26.o)

.bss            0x00000000        0x0
 .bss           0x00000000        0x0 c:/x32/xc32/v1.42/bin/bin/../../lib/gcc/pic32mx/4.8.3/../../../../pic32mx/lib/mips16\libpic32.a(vector25.o)

.data           0x00000000        0x0
 .data          0x00000000        0x0 c:/x32/xc32/v1.42/bin/bin/../../lib/gcc/pic32mx/4.8.3/../../../../pic32mx/lib/mips16\libpic32.a(vector25.o)

.bss            0x00000000        0x0
 .bss           0x00000000        0x0 c:/x32/xc32/v1.42/bin/bin/../../lib/gcc/pic32mx/4.8.3/../../../../pic32mx/lib/mips16\libpic32.a(vector24.o)

.data           0x00000000        0x0
 .data          0x00000000        0x0 c:/x32/xc32/v1.42/bin/bin/../../lib/gcc/pic32mx/4.8.3/../../../../pic32mx/lib/mips16\libpic32.a(vector24.o)

.bss            0x00000000        0x0
 .bss           0x00000000        0x0 c:/x32/xc32/v1.42/bin/bin/../../lib/gcc/pic32mx/4.8.3/../../../../pic32mx/lib/mips16\libpic32.a(vector22.o)

.data           0x00000000        0x0
 .data          0x00000000        0x0 c:/x32/xc32/v1.42/bin/bin/../../lib/gcc/pic32mx/4.8.3/../../../../pic32mx/lib/mips16\libpic32.a(vector22.o)

.bss            0x00000000        0x0
 .bss           0x00000000        0x0 c:/x32/xc32/v1.42/bin/bin/../../lib/gcc/pic32mx/4.8.3/../../../../pic32mx/lib/mips16\libpic32.a(vector21.o)

.data           0x00000000        0x0
 .data          0x00000000        0x0 c:/x32/xc32/v1.42/bin/bin/../../lib/gcc/pic32mx/4.8.3/../../../../pic32mx/lib/mips16\libpic32.a(vector21.o)

.bss            0x00000000        0x0
 .bss           0x00000000        0x0 c:/x32/xc32/v1.42/bin/bin/../../lib/gcc/pic32mx/4.8.3/../../../../pic32mx/lib/mips16\libpic32.a(vector20.o)

.data           0x00000000        0x0
 .data          0x00000000        0x0 c:/x32/xc32/v1.42/bin/bin/../../lib/gcc/pic32mx/4.8.3/../../../../pic32mx/lib/mips16\libpic32.a(vector20.o)

.bss            0x00000000        0x0
 .bss           0x00000000        0x0 c:/x32/xc32/v1.42/bin/bin/../../lib/gcc/pic32mx/4.8.3/../../../../pic32mx/lib/mips16\libpic32.a(vector19.o)

.data           0x00000000        0x0
 .data          0x00000000        0x0 c:/x32/xc32/v1.42/bin/bin/../../lib/gcc/pic32mx/4.8.3/../../../../pic32mx/lib/mips16\libpic32.a(vector19.o)

.bss            0x00000000        0x0
 .bss           0x00000000        0x0 c:/x32/xc32/v1.42/bin/bin/../../lib/gcc/pic32mx/4.8.3/../../../../pic32mx/lib/mips16\libpic32.a(vector18.o)

.data           0x00000000        0x0
 .data          0x00000000        0x0 c:/x32/xc32/v1.42/bin/bin/../../lib/gcc/pic32mx/4.8.3/../../../../pic32mx/lib/mips16\libpic32.a(vector18.o)

.bss            0x00000000        0x0
 .bss           0x00000000        0x0 c:/x32/xc32/v1.42/bin/bin/../../lib/gcc/pic32mx/4.8.3/../../../../pic32mx/lib/mips16\libpic32.a(vector17.o)

.data           0x00000000        0x0
 .data          0x00000000        0x0 c:/x32/xc32/v1.42/bin/bin/../../lib/gcc/pic32mx/4.8.3/../../../../pic32mx/lib/mips16\libpic32.a(vector17.o)

.bss            0x00000000        0x0
 .bss           0x00000000        0x0 c:/x32/xc32/v1.42/bin/bin/../../lib/gcc/pic32mx/4.8.3/../../../../pic32mx/lib/mips16\libpic32.a(vector16.o)

.data           0x00000000        0x0
 .data          0x00000000        0x0 c:/x32/xc32/v1.42/bin/bin/../../lib/gcc/pic32mx/4.8.3/../../../../pic32mx/lib/mips16\libpic32.a(vector16.o)

.bss            0x00000000        0x0
 .bss           0x00000000        0x0 c:/x32/xc32/v1.42/bin/bin/../../lib/gcc/pic32mx/4.8.3/../../../../pic32mx/lib/mips16\libpic32.a(vector15.o)

.data           0x00000000        0x0
 .data          0x00000000        0x0 c:/x32/xc32/v1.42/bin/bin/../../lib/gcc/pic32mx/4.8.3/../../../../pic32mx/lib/mips16\libpic32.a(vector15.o)

.bss            0x00000000        0x0
 .bss           0x00000000        0x0 c:/x32/xc32/v1.42/bin/bin/../../lib/gcc/pic32mx/4.8.3/../../../../pic32mx/lib/mips16\libpic32.a(vector14.o)

.data           0x00000000        0x0
 .data          0x00000000        0x0 c:/x32/xc32/v1.42/bin/bin/../../lib/gcc/pic32mx/4.8.3/../../../../pic32mx/lib/mips16\libpic32.a(vector14.o)

.bss            0x00000000        0x0
 .bss           0x00000000        0x0 c:/x32/xc32/v1.42/bin/bin/../../lib/gcc/pic32mx/4.8.3/../../../../pic32mx/lib/mips16\libpic32.a(vector13.o)

.data           0x00000000        0x0
 .data          0x00000000        0x0 c:/x32/xc32/v1.42/bin/bin/../../lib/gcc/pic32mx/4.8.3/../../../../pic32mx/lib/mips16\libpic32.a(vector13.o)

.bss            0x00000000        0x0
 .bss           0x00000000        0x0 c:/x32/xc32/v1.42/bin/bin/../../lib/gcc/pic32mx/4.8.3/../../../../pic32mx/lib/mips16\libpic32.a(vector12.o)

.data           0x00000000        0x0
 .data          0x00000000        0x0 c:/x32/xc32/v1.42/bin/bin/../../lib/gcc/pic32mx/4.8.3/../../../../pic32mx/lib/mips16\libpic32.a(vector12.o)

.bss            0x00000000        0x0
 .bss           0x00000000        0x0 c:/x32/xc32/v1.42/bin/bin/../../lib/gcc/pic32mx/4.8.3/../../../../pic32mx/lib/mips16\libpic32.a(vector11.o)

.data           0x00000000        0x0
 .data          0x00000000        0x0 c:/x32/xc32/v1.42/bin/bin/../../lib/gcc/pic32mx/4.8.3/../../../../pic32mx/lib/mips16\libpic32.a(vector11.o)

.bss            0x00000000        0x0
 .bss           0x00000000        0x0 c:/x32/xc32/v1.42/bin/bin/../../lib/gcc/pic32mx/4.8.3/../../../../pic32mx/lib/mips16\libpic32.a(vector10.o)

.data           0x00000000        0x0
 .data          0x00000000        0x0 c:/x32/xc32/v1.42/bin/bin/../../lib/gcc/pic32mx/4.8.3/../../../../pic32mx/lib/mips16\libpic32.a(vector10.o)

.bss            0x00000000        0x0
 .bss           0x00000000        0x0 c:/x32/xc32/v1.42/bin/bin/../../lib/gcc/pic32mx/4.8.3/../../../../pic32mx/lib/mips16\libpic32.a(vector9.o)

.data           0x00000000        0x0
 .data          0x00000000        0x0 c:/x32/xc32/v1.42/bin/bin/../../lib/gcc/pic32mx/4.8.3/../../../../pic32mx/lib/mips16\libpic32.a(vector9.o)

.bss            0x00000000        0x0
 .bss           0x00000000        0x0 c:/x32/xc32/v1.42/bin/bin/../../lib/gcc/pic32mx/4.8.3/../../../../pic32mx/lib/mips16\libpic32.a(vector7.o)

.data           0x00000000        0x0
 .data          0x00000000        0x0 c:/x32/xc32/v1.42/bin/bin/../../lib/gcc/pic32mx/4.8.3/../../../../pic32mx/lib/mips16\libpic32.a(vector7.o)

.bss            0x00000000        0x0
 .bss           0x00000000        0x0 c:/x32/xc32/v1.42/bin/bin/../../lib/gcc/pic32mx/4.8.3/../../../../pic32mx/lib/mips16\libpic32.a(vector6.o)

.data           0x00000000        0x0
 .data          0x00000000        0x0 c:/x32/xc32/v1.42/bin/bin/../../lib/gcc/pic32mx/4.8.3/../../../../pic32mx/lib/mips16\libpic32.a(vector6.o)

.bss            0x00000000        0x0
 .bss           0x00000000        0x0 c:/x32/xc32/v1.42/bin/bin/../../lib/gcc/pic32mx/4.8.3/../../../../pic32mx/lib/mips16\libpic32.a(vector5.o)

.data           0x00000000        0x0
 .data          0x00000000        0x0 c:/x32/xc32/v1.42/bin/bin/../../lib/gcc/pic32mx/4.8.3/../../../../pic32mx/lib/mips16\libpic32.a(vector5.o)

.bss            0x00000000        0x0
 .bss           0x00000000        0x0 c:/x32/xc32/v1.42/bin/bin/../../lib/gcc/pic32mx/4.8.3/../../../../pic32mx/lib/mips16\libpic32.a(vector4.o)

.data           0x00000000        0x0
 .data          0x00000000        0x0 c:/x32/xc32/v1.42/bin/bin/../../lib/gcc/pic32mx/4.8.3/../../../../pic32mx/lib/mips16\libpic32.a(vector4.o)

.bss            0x00000000        0x0
 .bss           0x00000000        0x0 c:/x32/xc32/v1.42/bin/bin/../../lib/gcc/pic32mx/4.8.3/../../../../pic32mx/lib/mips16\libpic32.a(vector3.o)

.data           0x00000000        0x0
 .data          0x00000000        0x0 c:/x32/xc32/v1.42/bin/bin/../../lib/gcc/pic32mx/4.8.3/../../../../pic32mx/lib/mips16\libpic32.a(vector3.o)

.bss            0x00000000        0x0
 .bss           0x00000000        0x0 c:/x32/xc32/v1.42/bin/bin/../../lib/gcc/pic32mx/4.8.3/../../../../pic32mx/lib/mips16\libpic32.a(vector2.o)

.data           0x00000000        0x0
 .data          0x00000000        0x0 c:/x32/xc32/v1.42/bin/bin/../../lib/gcc/pic32mx/4.8.3/../../../../pic32mx/lib/mips16\libpic32.a(vector2.o)

.bss            0x00000000        0x0
 .bss           0x00000000        0x0 c:/x32/xc32/v1.42/bin/bin/../../lib/gcc/pic32mx/4.8.3/../../../../pic32mx/lib/mips16\libpic32.a(vector1.o)

.data           0x00000000        0x0
 .data          0x00000000        0x0 c:/x32/xc32/v1.42/bin/bin/../../lib/gcc/pic32mx/4.8.3/../../../../pic32mx/lib/mips16\libpic32.a(vector1.o)

.bss            0x00000000        0x0
 .bss           0x00000000        0x0 c:/x32/xc32/v1.42/bin/bin/../../lib/gcc/pic32mx/4.8.3/../../../../pic32mx/lib/mips16\libpic32.a(vector0.o)

.data           0x00000000        0x0
 .data          0x00000000        0x0 c:/x32/xc32/v1.42/bin/bin/../../lib/gcc/pic32mx/4.8.3/../../../../pic32mx/lib/mips16\libpic32.a(vector0.o)

.bss            0x00000000        0x0
 .bss           0x00000000        0x0 c:/x32/xc32/v1.42/bin/bin/../../lib/gcc/pic32mx/4.8.3/../../../../pic32mx/lib/mips16\libpic32.a(general-exception.o)

.data           0x00000000        0x0
 .data          0x00000000        0x0 c:/x32/xc32/v1.42/bin/bin/../../lib/gcc/pic32mx/4.8.3/../../../../pic32mx/lib/mips16\libpic32.a(general-exception.o)

.bss            0x00000000        0x0
 .bss           0x00000000        0x0 c:/x32/xc32/v1.42/bin/bin/../../lib/gcc/pic32mx/4.8.3/../../../../pic32mx/lib/mips16\libpic32.a(default-nmi-handler.o)

.data           0x00000000        0x0
 .data          0x00000000        0x0 c:/x32/xc32/v1.42/bin/bin/../../lib/gcc/pic32mx/4.8.3/../../../../pic32mx/lib/mips16\libpic32.a(default-nmi-handler.o)

.bss            0x00000000        0x0
 .bss           0x00000000        0x0 c:/x32/xc32/v1.42/bin/bin/../../lib/gcc/pic32mx/4.8.3/../../../../pic32mx/lib/mips16\libpic32.a(default-on-bootstrap.o)

.data           0x00000000        0x0
 .data          0x00000000        0x0 c:/x32/xc32/v1.42/bin/bin/../../lib/gcc/pic32mx/4.8.3/../../../../pic32mx/lib/mips16\libpic32.a(default-on-bootstrap.o)

.bss            0x00000000        0x0
 .bss           0x00000000        0x0 c:/x32/xc32/v1.42/bin/bin/../../lib/gcc/pic32mx/4.8.3/../../../../pic32mx/lib/mips16\libpic32.a(default-on-reset.o)

.data           0x00000000        0x0
 .data          0x00000000        0x0 c:/x32/xc32/v1.42/bin/bin/../../lib/gcc/pic32mx/4.8.3/../../../../pic32mx/lib/mips16\libpic32.a(default-on-reset.o)

.bss            0x00000000        0x0
 .bss           0x00000000        0x0 c:/x32/xc32/v1.42/bin/bin/../../lib/gcc/pic32mx/4.8.3/../../../../pic32mx/lib/mips16\libpic32.a(default-bootstrap-exception-handler.o)

.data           0x00000000        0x0
 .data          0x00000000        0x0 c:/x32/xc32/v1.42/bin/bin/../../lib/gcc/pic32mx/4.8.3/../../../../pic32mx/lib/mips16\libpic32.a(default-bootstrap-exception-handler.o)

.bss            0x00000000        0x0
 .bss           0x00000000        0x0 c:/x32/xc32/v1.42/bin/bin/../../lib/gcc/pic32mx/4.8.3/../../../../pic32mx/lib/./proc/32MX130F064B\processor.o

.data           0x00000000        0x0
 .data          0x00000000        0x0 c:/x32/xc32/v1.42/bin/bin/../../lib/gcc/pic32mx/4.8.3/../../../../pic32mx/lib/./proc/32MX130F064B\processor.o

.bss            0x00000000        0x0
 .bss           0x00000000        0x0 c:/x32/xc32/v1.42/bin/bin/../../lib/gcc/pic32mx/4.8.3/../../../../pic32mx/lib/mips16\pic32_software_reset.o

.data           0x00000000        0x0
 .data          0x00000000        0x0 c:/x32/xc32/v1.42/bin/bin/../../lib/gcc/pic32mx/4.8.3/../../../../pic32mx/lib/mips16\pic32_software_reset.o

.bss            0x00000000        0x0
 .bss           0x00000000        0x0 c:/x32/xc32/v1.42/bin/bin/../../lib/gcc/pic32mx/4.8.3/../../../../pic32mx/lib/./proc/32MX130F064B\default_isr_vectors.o

.data           0x00000000        0x0
 .data          0x00000000        0x0 c:/x32/xc32/v1.42/bin/bin/../../lib/gcc/pic32mx/4.8.3/../../../../pic32mx/lib/./proc/32MX130F064B\default_isr_vectors.o

.bss            0x00000000        0x0
 .bss           0x00000000        0x0 PIC32_LCD.o

.data           0x00000000        0x0
 .data          0x00000000        0x0 PIC32_LCD.o

.bss            0x00000000        0x0
 .bss           0x00000000        0x0 Robot.o

.data           0x00000000        0x0
 .data          0x00000000        0x0 Robot.o
